2022-03-04 15:53:02.570 24135-24135/com.example.natour21 I/FirebaseApp: Device unlocked: initializing all Firebase APIs for app [DEFAULT]
2022-03-04 15:53:02.589 24135-24135/com.example.natour21 I/FirebaseInitProvider: FirebaseApp initialization successful
2022-03-04 15:53:03.126 24135-27015/com.example.natour21 D/FirebasePerformance: Transport is not initialized yet, network request trace: https://graph.facebook.com/v13.0/app/mobile_sdk_gk (responseCode: 200, responseTime: 256,605ms) will be queued for to be dispatched later
2022-03-04 15:53:03.130 24135-27015/com.example.natour21 D/FirebasePerformance: Transport is not initialized yet, network request trace: https://graph.facebook.com/v13.0/app (responseCode: 200, responseTime: 249,726ms) will be queued for to be dispatched later
2022-03-04 15:53:03.132 24135-27015/com.example.natour21 D/FirebasePerformance: Transport is not initialized yet, network request trace: https://graph.facebook.com/v13.0/app (responseCode: 200, responseTime: 244,649ms) will be queued for to be dispatched later
2022-03-04 15:53:03.192 24135-27015/com.example.natour21 D/FirebasePerformance: Transport is not initialized yet, network request trace: https://graph.facebook.com/v13.0/app/mobile_sdk_gk (responseCode: 200, responseTime: 65,22ms) will be queued for to be dispatched later
2022-03-04 15:53:03.426 24135-24135/com.example.natour21 I/FirebasePerformance: Firebase Performance Monitoring is successfully initialized! In a minute, visit the Firebase console to view your data: https://console.firebase.google.com/project/natour-ceb0e/performance/app/android:com.example.natour21/trends?utm_source=perf-android-sdk&utm_medium=android-ide
2022-03-04 15:53:03.426 24135-24135/com.example.natour21 D/FirebasePerformance: onResume(): com.example.natour21.Activity.Login: 917147 microseconds
2022-03-04 15:53:03.460 24135-27015/com.example.natour21 I/FirebasePerformance: Logging trace metric: _as (duration: 917,147ms). In a minute, visit the Firebase console to view your data: https://console.firebase.google.com/project/natour-ceb0e/performance/app/android:com.example.natour21/metrics/trace/DURATION_TRACE/_as?utm_source=perf-android-sdk&utm_medium=android-ide
2022-03-04 15:53:03.523 24135-27015/com.example.natour21 I/FirebasePerformance: Logging network request trace: https://graph.facebook.com/v13.0/app/mobile_sdk_gk (responseCode: 200, responseTime: 256,605ms)
2022-03-04 15:53:03.527 24135-27015/com.example.natour21 I/FirebasePerformance: Logging network request trace: https://graph.facebook.com/v13.0/app (responseCode: 200, responseTime: 249,726ms)
2022-03-04 15:53:03.532 24135-27015/com.example.natour21 I/FirebasePerformance: Logging network request trace: https://graph.facebook.com/v13.0/app (responseCode: 200, responseTime: 244,649ms)
2022-03-04 15:53:03.537 24135-27015/com.example.natour21 I/FirebasePerformance: Logging network request trace: https://graph.facebook.com/v13.0/app/mobile_sdk_gk (responseCode: 200, responseTime: 65,22ms)
2022-03-04 15:53:20.911 24135-27160/com.example.natour21 I/FirebasePerformance: Logging network request trace: http://ec2-3-12-83-96.us-east-2.compute.amazonaws.com:8080/api/user/auth (responseCode: 200, responseTime: 260,107ms)
2022-03-04 15:53:21.192 24135-27160/com.example.natour21 I/FirebasePerformance: Logging network request trace: http://ec2-3-12-83-96.us-east-2.compute.amazonaws.com:8080/api/login (responseCode: 200, responseTime: 244,149ms)
2022-03-04 15:53:21.734 24135-27160/com.example.natour21 I/FirebasePerformance: Logging trace metric: login_natour21 (duration: 16332,151ms). In a minute, visit the Firebase console to view your data: https://console.firebase.google.com/project/natour-ceb0e/performance/app/android:com.example.natour21/metrics/trace/DURATION_TRACE/login_natour21?utm_source=perf-android-sdk&utm_medium=android-ide
2022-03-04 15:53:22.129 24135-27160/com.example.natour21 I/FirebasePerformance: Logging network request trace: http://ec2-3-12-83-96.us-east-2.compute.amazonaws.com:8080/api/posts (responseCode: 200, responseTime: 161,676ms)
2022-03-04 15:53:23.030 24135-24135/com.example.natour21 D/FirebasePerformance: Setting metric '_fr_tot' to '71' on trace '_st_Login'
2022-03-04 15:53:23.031 24135-24135/com.example.natour21 D/FirebasePerformance: Setting metric '_fr_slo' to '35' on trace '_st_Login'
2022-03-04 15:53:23.031 24135-24135/com.example.natour21 D/FirebasePerformance: Setting metric '_fr_fzn' to '1' on trace '_st_Login'
2022-03-04 15:53:23.032 24135-24135/com.example.natour21 D/FirebasePerformance: sendScreenTrace name:_st_Login _fr_tot:71 _fr_slo:35 _fr_fzn:1
2022-03-04 15:53:23.041 24135-27160/com.example.natour21 I/FirebasePerformance: Logging trace metric: _st_Login (duration: 19632,308ms). In a minute, visit the Firebase console to view your data: https://console.firebase.google.com/project/natour-ceb0e/performance/app/android:com.example.natour21/metrics/trace/SCREEN_TRACE/_st_Login?utm_source=perf-android-sdk&utm_medium=android-ide
2022-03-04 15:53:23.397 24135-27160/com.example.natour21 I/FirebasePerformance: Logging network request trace: https://maps.googleapis.com/maps/api/directions/json (responseCode: 200, responseTime: 307,913ms)
2022-03-04 15:53:23.511 24135-27160/com.example.natour21 I/FirebasePerformance: Logging network request trace: https://maps.googleapis.com/maps/api/directions/json (responseCode: 200, responseTime: 102,983ms)
2022-03-04 15:53:27.635 24135-27160/com.example.natour21 I/FirebasePerformance: Logging network request trace: https://maps.googleapis.com/maps/api/directions/json (responseCode: 200, responseTime: 75,476ms)
2022-03-04 15:53:28.251 24135-27160/com.example.natour21 I/FirebasePerformance: Logging network request trace: https://maps.googleapis.com/maps/api/directions/json (responseCode: 200, responseTime: 107,808ms)
2022-03-04 15:54:00.664 24135-27481/com.example.natour21 I/FirebasePerformance: Logging network request trace: https://maps.googleapis.com/maps/api/place/autocomplete/json (responseCode: 200, responseTime: 113,466ms)
2022-03-04 15:54:00.847 24135-27481/com.example.natour21 I/FirebasePerformance: Logging network request trace: https://maps.googleapis.com/maps/api/place/autocomplete/json (responseCode: 200, responseTime: 67,593ms)
2022-03-04 15:54:01.194 24135-27481/com.example.natour21 I/FirebasePerformance: Logging network request trace: https://maps.googleapis.com/maps/api/place/autocomplete/json (responseCode: 200, responseTime: 105,478ms)
2022-03-04 15:54:01.520 24135-27481/com.example.natour21 I/FirebasePerformance: Logging network request trace: https://maps.googleapis.com/maps/api/place/autocomplete/json (responseCode: 200, responseTime: 262,896ms)
2022-03-04 15:54:01.790 24135-27481/com.example.natour21 I/FirebasePerformance: Logging network request trace: https://maps.googleapis.com/maps/api/place/autocomplete/json (responseCode: 200, responseTime: 278,995ms)
2022-03-04 15:54:01.922 24135-27481/com.example.natour21 I/FirebasePerformance: Logging network request trace: https://maps.googleapis.com/maps/api/place/autocomplete/json (responseCode: 200, responseTime: 157,643ms)
2022-03-04 15:54:03.152 24135-27481/com.example.natour21 I/FirebasePerformance: Logging network request trace: https://maps.googleapis.com/maps/api/place/details/json (responseCode: 200, responseTime: 127,95ms)
2022-03-04 15:54:03.305 24135-24135/com.example.natour21 D/FirebasePerformance: Setting metric '_fr_tot' to '142' on trace '_st_AutocompleteActivity'
2022-03-04 15:54:03.305 24135-24135/com.example.natour21 D/FirebasePerformance: Setting metric '_fr_slo' to '52' on trace '_st_AutocompleteActivity'
2022-03-04 15:54:03.306 24135-24135/com.example.natour21 D/FirebasePerformance: sendScreenTrace name:_st_AutocompleteActivity _fr_tot:142 _fr_slo:52 _fr_fzn:0
2022-03-04 15:54:03.310 24135-27481/com.example.natour21 I/FirebasePerformance: Logging trace metric: _st_AutocompleteActivity (duration: 4025,882ms). In a minute, visit the Firebase console to view your data: https://console.firebase.google.com/project/natour-ceb0e/performance/app/android:com.example.natour21/metrics/trace/SCREEN_TRACE/_st_AutocompleteActivity?utm_source=perf-android-sdk&utm_medium=android-ide
2022-03-04 15:54:09.629 24135-27481/com.example.natour21 I/FirebasePerformance: Logging network request trace: https://maps.googleapis.com/maps/api/directions/json (responseCode: 200, responseTime: 149,035ms)
2022-03-04 15:54:12.109 24135-27481/com.example.natour21 I/FirebasePerformance: Logging network request trace: http://ec2-3-12-83-96.us-east-2.compute.amazonaws.com:8080/api/post/insert (responseCode: 200, responseTime: 152,547ms)
2022-03-04 15:54:12.116 24135-27481/com.example.natour21 I/FirebasePerformance: Logging trace metric: insertPost (duration: 41100,078ms). In a minute, visit the Firebase console to view your data: https://console.firebase.google.com/project/natour-ceb0e/performance/app/android:com.example.natour21/metrics/trace/DURATION_TRACE/insertPost?utm_source=perf-android-sdk&utm_medium=android-ide
2022-03-04 15:54:12.726 24135-27481/com.example.natour21 I/FirebasePerformance: Logging network request trace: http://ec2-3-12-83-96.us-east-2.compute.amazonaws.com:8080/api/posts (responseCode: 200, responseTime: 335,271ms)
2022-03-04 15:54:13.178 24135-27481/com.example.natour21 I/FirebasePerformance: Logging network request trace: https://maps.googleapis.com/maps/api/directions/json (responseCode: 200, responseTime: 72,748ms)
2022-03-04 15:54:13.295 24135-27481/com.example.natour21 I/FirebasePerformance: Logging network request trace: https://maps.googleapis.com/maps/api/directions/json (responseCode: 200, responseTime: 84,473ms)
2022-03-04 15:54:18.959 24135-27481/com.example.natour21 I/FirebasePerformance: Logging network request trace: https://maps.googleapis.com/maps/api/directions/json (responseCode: 200, responseTime: 77,921ms)
2022-03-04 15:54:21.553 24135-27481/com.example.natour21 I/FirebasePerformance: Logging network request trace: https://maps.googleapis.com/maps/api/directions/json (responseCode: 200, responseTime: 94,555ms)
2022-03-04 15:54:23.952 24135-27481/com.example.natour21 I/FirebasePerformance: Logging network request trace: https://maps.googleapis.com/maps/api/directions/json (responseCode: 200, responseTime: 76,234ms)
2022-03-04 15:54:24.019 24135-27481/com.example.natour21 I/FirebasePerformance: Logging network request trace: http://ec2-3-12-83-96.us-east-2.compute.amazonaws.com:8080/api/duration/id (responseCode: 200, responseTime: 275,211ms)
2022-03-04 15:54:24.031 24135-27481/com.example.natour21 I/FirebasePerformance: Logging network request trace: http://ec2-3-12-83-96.us-east-2.compute.amazonaws.com:8080/api/difficulty/id (responseCode: 200, responseTime: 277,008ms)
2022-03-04 15:54:24.043 24135-27481/com.example.natour21 I/FirebasePerformance: Logging network request trace: http://ec2-3-12-83-96.us-east-2.compute.amazonaws.com:8080/api/reviews/id (responseCode: 200, responseTime: 277,925ms)
2022-03-04 15:54:24.053 24135-27481/com.example.natour21 I/FirebasePerformance: Logging network request trace: http://ec2-3-12-83-96.us-east-2.compute.amazonaws.com:8080/api/reports/id (responseCode: 200, responseTime: 274,695ms)
2022-03-04 15:54:24.192 24135-27481/com.example.natour21 I/FirebasePerformance: Logging network request trace: http://ec2-3-12-83-96.us-east-2.compute.amazonaws.com:8080/api/duration/id (responseCode: 200, responseTime: 147,555ms)
2022-03-04 15:54:24.200 24135-27481/com.example.natour21 I/FirebasePerformance: Logging network request trace: http://ec2-3-12-83-96.us-east-2.compute.amazonaws.com:8080/api/difficulty/id (responseCode: 200, responseTime: 136,083ms)
2022-03-04 15:54:40.274 24135-27653/com.example.natour21 I/FirebasePerformance: Logging network request trace: http://ec2-3-12-83-96.us-east-2.compute.amazonaws.com:8080/api/report/insert (responseCode: 200, responseTime: 494,187ms)
2022-03-04 15:54:40.287 24135-27653/com.example.natour21 I/FirebasePerformance: Logging trace metric: insertReport (duration: 14548,561ms). In a minute, visit the Firebase console to view your data: https://console.firebase.google.com/project/natour-ceb0e/performance/app/android:com.example.natour21/metrics/trace/DURATION_TRACE/insertReport?utm_source=perf-android-sdk&utm_medium=android-ide
2022-03-04 15:54:40.741 24135-27653/com.example.natour21 I/FirebasePerformance: Logging network request trace: http://ec2-3-12-83-96.us-east-2.compute.amazonaws.com:8080/api/reports/id (responseCode: 200, responseTime: 135,093ms)
2022-03-04 15:54:40.752 24135-27653/com.example.natour21 I/FirebasePerformance: Logging network request trace: http://ec2-3-12-83-96.us-east-2.compute.amazonaws.com:8080/api/difficulty/id (responseCode: 200, responseTime: 135,487ms)
2022-03-04 15:54:40.765 24135-27653/com.example.natour21 I/FirebasePerformance: Logging network request trace: http://ec2-3-12-83-96.us-east-2.compute.amazonaws.com:8080/api/reviews/id (responseCode: 200, responseTime: 142,903ms)
2022-03-04 15:54:40.781 24135-27653/com.example.natour21 I/FirebasePerformance: Logging network request trace: http://ec2-3-12-83-96.us-east-2.compute.amazonaws.com:8080/api/duration/id (responseCode: 200, responseTime: 149,932ms)
2022-03-04 15:54:40.938 24135-27653/com.example.natour21 I/FirebasePerformance: Logging network request trace: http://ec2-3-12-83-96.us-east-2.compute.amazonaws.com:8080/api/duration/id (responseCode: 200, responseTime: 173,931ms)
2022-03-04 15:54:40.949 24135-27653/com.example.natour21 I/FirebasePerformance: Logging network request trace: http://ec2-3-12-83-96.us-east-2.compute.amazonaws.com:8080/api/difficulty/id (responseCode: 200, responseTime: 173,226ms)
2022-03-04 15:54:41.080 24135-27653/com.example.natour21 I/FirebasePerformance: Logging network request trace: https://maps.googleapis.com/maps/api/directions/json (responseCode: 200, responseTime: 289,457ms)
2022-03-04 15:54:53.246 24135-27750/com.example.natour21 I/FirebasePerformance: Logging network request trace: http://ec2-3-12-83-96.us-east-2.compute.amazonaws.com:8080/api/review/insert (responseCode: 200, responseTime: 140,246ms)
2022-03-04 15:54:53.253 24135-27750/com.example.natour21 I/FirebasePerformance: Logging trace metric: insertReview (duration: 9819,272ms). In a minute, visit the Firebase console to view your data: https://console.firebase.google.com/project/natour-ceb0e/performance/app/android:com.example.natour21/metrics/trace/DURATION_TRACE/insertReview?utm_source=perf-android-sdk&utm_medium=android-ide
2022-03-04 15:54:53.755 24135-27750/com.example.natour21 I/FirebasePerformance: Logging network request trace: https://maps.googleapis.com/maps/api/directions/json (responseCode: 200, responseTime: 177,835ms)
2022-03-04 15:54:53.886 24135-27750/com.example.natour21 I/FirebasePerformance: Logging network request trace: http://ec2-3-12-83-96.us-east-2.compute.amazonaws.com:8080/api/reviews/id (responseCode: 200, responseTime: 416,484ms)
2022-03-04 15:54:54.017 24135-27750/com.example.natour21 I/FirebasePerformance: Logging network request trace: http://ec2-3-12-83-96.us-east-2.compute.amazonaws.com:8080/api/reports/id (responseCode: 200, responseTime: 533,761ms)
2022-03-04 15:54:54.026 24135-27750/com.example.natour21 I/FirebasePerformance: Logging network request trace: http://ec2-3-12-83-96.us-east-2.compute.amazonaws.com:8080/api/duration/id (responseCode: 200, responseTime: 544,015ms)
2022-03-04 15:54:54.036 24135-27750/com.example.natour21 I/FirebasePerformance: Logging network request trace: http://ec2-3-12-83-96.us-east-2.compute.amazonaws.com:8080/api/difficulty/id (responseCode: 200, responseTime: 550,521ms)
2022-03-04 15:54:54.163 24135-27750/com.example.natour21 I/FirebasePerformance: Logging network request trace: http://ec2-3-12-83-96.us-east-2.compute.amazonaws.com:8080/api/duration/id (responseCode: 200, responseTime: 135,267ms)
2022-03-04 15:54:54.172 24135-27750/com.example.natour21 I/FirebasePerformance: Logging network request trace: http://ec2-3-12-83-96.us-east-2.compute.amazonaws.com:8080/api/difficulty/id (responseCode: 200, responseTime: 136,623ms)
2022-03-04 15:54:56.494 24135-27750/com.example.natour21 I/FirebasePerformance: Logging network request trace: http://ec2-3-12-83-96.us-east-2.compute.amazonaws.com:8080/api/posts (responseCode: 200, responseTime: 237,426ms)
2022-03-04 15:54:56.912 24135-27750/com.example.natour21 I/FirebasePerformance: Logging network request trace: https://maps.googleapis.com/maps/api/directions/json (responseCode: 200, responseTime: 180,041ms)
2022-03-04 15:54:57.135 24135-27750/com.example.natour21 I/FirebasePerformance: Logging network request trace: https://maps.googleapis.com/maps/api/directions/json (responseCode: 200, responseTime: 198,048ms)
2022-03-04 15:54:58.641 24135-27750/com.example.natour21 I/FirebasePerformance: Logging network request trace: http://ec2-3-12-83-96.us-east-2.compute.amazonaws.com:8080/api/chatrooms (responseCode: 200, responseTime: 143,286ms)
2022-03-04 15:55:00.756 24135-24135/com.example.natour21 D/FirebasePerformance: Setting metric '_fr_tot' to '10' on trace '_st_homePage'
2022-03-04 15:55:00.756 24135-24135/com.example.natour21 D/FirebasePerformance: Setting metric '_fr_slo' to '2' on trace '_st_homePage'
2022-03-04 15:55:00.756 24135-24135/com.example.natour21 D/FirebasePerformance: sendScreenTrace name:_st_homePage _fr_tot:10 _fr_slo:2 _fr_fzn:0
2022-03-04 15:55:00.764 24135-27750/com.example.natour21 I/FirebasePerformance: Logging trace metric: _st_homePage (duration: 98953,073ms). In a minute, visit the Firebase console to view your data: https://console.firebase.google.com/project/natour-ceb0e/performance/app/android:com.example.natour21/metrics/trace/SCREEN_TRACE/_st_homePage?utm_source=perf-android-sdk&utm_medium=android-ide
2022-03-04 15:55:10.055 24135-27750/com.example.natour21 I/FirebasePerformance: Logging network request trace: http://ec2-3-12-83-96.us-east-2.compute.amazonaws.com:8080/api/message/send (responseCode: 200, responseTime: 416,216ms)
2022-03-04 15:55:10.062 24135-27750/com.example.natour21 I/FirebasePerformance: Logging trace metric: send_new_message (duration: 9838,503ms). In a minute, visit the Firebase console to view your data: https://console.firebase.google.com/project/natour-ceb0e/performance/app/android:com.example.natour21/metrics/trace/DURATION_TRACE/send_new_message?utm_source=perf-android-sdk&utm_medium=android-ide
2022-03-04 15:55:10.248 24135-27750/com.example.natour21 I/FirebasePerformance: Logging network request trace: http://ec2-3-12-83-96.us-east-2.compute.amazonaws.com:8080/api/chatrooms (responseCode: 200, responseTime: 136,402ms)
2022-03-04 15:55:10.518 24135-24135/com.example.natour21 D/FirebasePerformance: Setting metric '_fr_tot' to '6' on trace '_st_SendMessage'
2022-03-04 15:55:10.519 24135-24135/com.example.natour21 D/FirebasePerformance: Setting metric '_fr_slo' to '4' on trace '_st_SendMessage'
2022-03-04 15:55:10.520 24135-24135/com.example.natour21 D/FirebasePerformance: sendScreenTrace name:_st_SendMessage _fr_tot:6 _fr_slo:4 _fr_fzn:0
2022-03-04 15:55:10.534 24135-27750/com.example.natour21 I/FirebasePerformance: Logging trace metric: _st_SendMessage (duration: 10293,506ms). In a minute, visit the Firebase console to view your data: https://console.firebase.google.com/project/natour-ceb0e/performance/app/android:com.example.natour21/metrics/trace/SCREEN_TRACE/_st_SendMessage?utm_source=perf-android-sdk&utm_medium=android-ide

