2022-03-04 15:44:43.365 17911-17911/com.example.natour21 I/FirebaseApp: Device unlocked: initializing all Firebase APIs for app [DEFAULT]
2022-03-04 15:44:43.388 17911-17911/com.example.natour21 I/FirebaseInitProvider: FirebaseApp initialization successful
2022-03-04 15:44:44.312 17911-20909/com.example.natour21 D/FirebasePerformance: Transport is not initialized yet, network request trace: https://graph.facebook.com/v13.0/app (responseCode: 200, responseTime: 404,934ms) will be queued for to be dispatched later
2022-03-04 15:44:44.314 17911-20909/com.example.natour21 D/FirebasePerformance: Transport is not initialized yet, network request trace: https://graph.facebook.com/v13.0/app (responseCode: 200, responseTime: 400,22ms) will be queued for to be dispatched later
2022-03-04 15:44:44.317 17911-20909/com.example.natour21 D/FirebasePerformance: Transport is not initialized yet, network request trace: https://graph.facebook.com/v13.0/app/mobile_sdk_gk (responseCode: 200, responseTime: 409,495ms) will be queued for to be dispatched later
2022-03-04 15:44:44.378 17911-20909/com.example.natour21 D/FirebasePerformance: Transport is not initialized yet, network request trace: https://graph.facebook.com/v13.0/app/mobile_sdk_gk (responseCode: 200, responseTime: 65,007ms) will be queued for to be dispatched later
2022-03-04 15:44:44.578 17911-17911/com.example.natour21 I/FirebasePerformance: Firebase Performance Monitoring is successfully initialized! In a minute, visit the Firebase console to view your data: https://console.firebase.google.com/project/natour-ceb0e/performance/app/android:com.example.natour21/trends?utm_source=perf-android-sdk&utm_medium=android-ide
2022-03-04 15:44:44.578 17911-17911/com.example.natour21 D/FirebasePerformance: onResume(): com.example.natour21.Activity.Login: 1288791 microseconds
2022-03-04 15:44:44.630 17911-20909/com.example.natour21 I/FirebasePerformance: Logging trace metric: _as (duration: 1288,791ms). In a minute, visit the Firebase console to view your data: https://console.firebase.google.com/project/natour-ceb0e/performance/app/android:com.example.natour21/metrics/trace/DURATION_TRACE/_as?utm_source=perf-android-sdk&utm_medium=android-ide
2022-03-04 15:44:44.716 17911-20909/com.example.natour21 I/FirebasePerformance: Logging network request trace: https://graph.facebook.com/v13.0/app (responseCode: 200, responseTime: 404,934ms)
2022-03-04 15:44:44.726 17911-20909/com.example.natour21 I/FirebasePerformance: Logging network request trace: https://graph.facebook.com/v13.0/app (responseCode: 200, responseTime: 400,22ms)
2022-03-04 15:44:44.735 17911-20909/com.example.natour21 I/FirebasePerformance: Logging network request trace: https://graph.facebook.com/v13.0/app/mobile_sdk_gk (responseCode: 200, responseTime: 409,495ms)
2022-03-04 15:44:44.744 17911-20909/com.example.natour21 I/FirebasePerformance: Logging network request trace: https://graph.facebook.com/v13.0/app/mobile_sdk_gk (responseCode: 200, responseTime: 65,007ms)
2022-03-04 15:44:45.473 17911-20909/com.example.natour21 I/FirebasePerformance: Logging network request trace: https://graph.facebook.com/v13.0/573964120424560/activities (responseCode: 200, responseTime: 289,929ms)
2022-03-04 15:44:57.948 17911-21465/com.example.natour21 I/FirebasePerformance: Logging network request trace: http://ec2-3-12-83-96.us-east-2.compute.amazonaws.com:8080/api/user/auth (responseCode: 200, responseTime: 134,088ms)
2022-03-04 15:44:58.208 17911-21465/com.example.natour21 I/FirebasePerformance: Logging network request trace: http://ec2-3-12-83-96.us-east-2.compute.amazonaws.com:8080/api/login (responseCode: 200, responseTime: 232,479ms)
2022-03-04 15:44:58.755 17911-21465/com.example.natour21 I/FirebasePerformance: Logging trace metric: login_natour21 (duration: 12205,048ms). In a minute, visit the Firebase console to view your data: https://console.firebase.google.com/project/natour-ceb0e/performance/app/android:com.example.natour21/metrics/trace/DURATION_TRACE/login_natour21?utm_source=perf-android-sdk&utm_medium=android-ide
2022-03-04 15:44:59.257 17911-21465/com.example.natour21 I/FirebasePerformance: Logging network request trace: http://ec2-3-12-83-96.us-east-2.compute.amazonaws.com:8080/api/posts (responseCode: 200, responseTime: 172,972ms)
2022-03-04 15:45:00.720 17911-17911/com.example.natour21 D/FirebasePerformance: Setting metric '_fr_tot' to '59' on trace '_st_Login'
2022-03-04 15:45:00.720 17911-17911/com.example.natour21 D/FirebasePerformance: Setting metric '_fr_slo' to '29' on trace '_st_Login'
2022-03-04 15:45:00.720 17911-17911/com.example.natour21 D/FirebasePerformance: Setting metric '_fr_fzn' to '1' on trace '_st_Login'
2022-03-04 15:45:00.721 17911-17911/com.example.natour21 D/FirebasePerformance: sendScreenTrace name:_st_Login _fr_tot:59 _fr_slo:29 _fr_fzn:1
2022-03-04 15:45:00.731 17911-21465/com.example.natour21 I/FirebasePerformance: Logging trace metric: _st_Login (duration: 16173,634ms). In a minute, visit the Firebase console to view your data: https://console.firebase.google.com/project/natour-ceb0e/performance/app/android:com.example.natour21/metrics/trace/SCREEN_TRACE/_st_Login?utm_source=perf-android-sdk&utm_medium=android-ide
2022-03-04 15:45:01.109 17911-21465/com.example.natour21 I/FirebasePerformance: Logging network request trace: https://maps.googleapis.com/maps/api/directions/json (responseCode: 200, responseTime: 319,971ms)
2022-03-04 15:45:01.245 17911-21465/com.example.natour21 I/FirebasePerformance: Logging network request trace: https://maps.googleapis.com/maps/api/directions/json (responseCode: 200, responseTime: 86,743ms)
2022-03-04 15:45:20.893 17911-21820/com.example.natour21 I/FirebasePerformance: Logging network request trace: https://maps.googleapis.com/maps/api/place/autocomplete/json (responseCode: 200, responseTime: 416,116ms)
2022-03-04 15:45:20.939 17911-21820/com.example.natour21 I/FirebasePerformance: Logging network request trace: https://maps.googleapis.com/maps/api/place/autocomplete/json (responseCode: 200, responseTime: 258,567ms)
2022-03-04 15:45:21.233 17911-21820/com.example.natour21 I/FirebasePerformance: Logging network request trace: https://maps.googleapis.com/maps/api/place/autocomplete/json (responseCode: 200, responseTime: 92,212ms)
2022-03-04 15:45:21.922 17911-21820/com.example.natour21 I/FirebasePerformance: Logging network request trace: https://maps.googleapis.com/maps/api/place/autocomplete/json (responseCode: 200, responseTime: 100,768ms)
2022-03-04 15:45:22.390 17911-21820/com.example.natour21 I/FirebasePerformance: Logging network request trace: https://maps.googleapis.com/maps/api/place/autocomplete/json (responseCode: 200, responseTime: 223,655ms)
2022-03-04 15:45:22.521 17911-21820/com.example.natour21 I/FirebasePerformance: Logging network request trace: https://maps.googleapis.com/maps/api/place/autocomplete/json (responseCode: 200, responseTime: 142,59ms)
2022-03-04 15:45:22.614 17911-21820/com.example.natour21 I/FirebasePerformance: Logging network request trace: https://maps.googleapis.com/maps/api/place/autocomplete/json (responseCode: 200, responseTime: 115,257ms)
2022-03-04 15:45:22.805 17911-21820/com.example.natour21 I/FirebasePerformance: Logging network request trace: https://maps.googleapis.com/maps/api/place/autocomplete/json (responseCode: 200, responseTime: 93,128ms)
2022-03-04 15:45:23.131 17911-21820/com.example.natour21 I/FirebasePerformance: Logging network request trace: https://maps.googleapis.com/maps/api/place/autocomplete/json (responseCode: 200, responseTime: 145,206ms)
2022-03-04 15:45:24.471 17911-21820/com.example.natour21 I/FirebasePerformance: Logging network request trace: https://maps.googleapis.com/maps/api/place/details/json (responseCode: 200, responseTime: 104,102ms)
2022-03-04 15:45:24.974 17911-17911/com.example.natour21 D/FirebasePerformance: Setting metric '_fr_tot' to '196' on trace '_st_AutocompleteActivity'
2022-03-04 15:45:24.974 17911-17911/com.example.natour21 D/FirebasePerformance: Setting metric '_fr_slo' to '86' on trace '_st_AutocompleteActivity'
2022-03-04 15:45:24.975 17911-17911/com.example.natour21 D/FirebasePerformance: sendScreenTrace name:_st_AutocompleteActivity _fr_tot:196 _fr_slo:86 _fr_fzn:0
2022-03-04 15:45:24.979 17911-21820/com.example.natour21 I/FirebasePerformance: Logging trace metric: _st_AutocompleteActivity (duration: 6008,844ms). In a minute, visit the Firebase console to view your data: https://console.firebase.google.com/project/natour-ceb0e/performance/app/android:com.example.natour21/metrics/trace/SCREEN_TRACE/_st_AutocompleteActivity?utm_source=perf-android-sdk&utm_medium=android-ide
2022-03-04 15:45:32.897 17911-21820/com.example.natour21 I/FirebasePerformance: Logging network request trace: https://maps.googleapis.com/maps/api/directions/json (responseCode: 200, responseTime: 428,069ms)
2022-03-04 15:45:36.275 17911-21820/com.example.natour21 I/FirebasePerformance: Logging network request trace: http://ec2-3-12-83-96.us-east-2.compute.amazonaws.com:8080/api/post/insert (responseCode: 200, responseTime: 159,586ms)
2022-03-04 15:45:36.285 17911-21820/com.example.natour21 I/FirebasePerformance: Logging trace metric: insertPost (duration: 32356,981ms). In a minute, visit the Firebase console to view your data: https://console.firebase.google.com/project/natour-ceb0e/performance/app/android:com.example.natour21/metrics/trace/DURATION_TRACE/insertPost?utm_source=perf-android-sdk&utm_medium=android-ide
2022-03-04 15:45:36.708 17911-21820/com.example.natour21 I/FirebasePerformance: Logging network request trace: http://ec2-3-12-83-96.us-east-2.compute.amazonaws.com:8080/api/posts (responseCode: 200, responseTime: 147,939ms)
2022-03-04 15:45:37.205 17911-21820/com.example.natour21 I/FirebasePerformance: Logging network request trace: https://maps.googleapis.com/maps/api/directions/json (responseCode: 200, responseTime: 81,021ms)
2022-03-04 15:45:37.363 17911-21820/com.example.natour21 I/FirebasePerformance: Logging network request trace: https://maps.googleapis.com/maps/api/directions/json (responseCode: 200, responseTime: 138,399ms)
2022-03-04 15:45:44.016 17911-21820/com.example.natour21 I/FirebasePerformance: Logging network request trace: https://maps.googleapis.com/maps/api/directions/json (responseCode: 200, responseTime: 88,068ms)
2022-03-04 15:45:44.233 17911-21820/com.example.natour21 I/FirebasePerformance: Logging network request trace: https://maps.googleapis.com/maps/api/directions/json (responseCode: 200, responseTime: 79,709ms)
2022-03-04 15:46:23.347 17911-17911/com.example.natour21 D/FirebasePerformance: Setting metric '_fr_tot' to '5' on trace '_st_homePage'
2022-03-04 15:46:23.347 17911-17911/com.example.natour21 D/FirebasePerformance: Setting metric '_fr_slo' to '4' on trace '_st_homePage'
2022-03-04 15:46:23.347 17911-17911/com.example.natour21 D/FirebasePerformance: sendScreenTrace name:_st_homePage _fr_tot:5 _fr_slo:4 _fr_fzn:0
2022-03-04 15:46:23.362 17911-22801/com.example.natour21 I/FirebasePerformance: Logging trace metric: _st_homePage (duration: 84518,506ms). In a minute, visit the Firebase console to view your data: https://console.firebase.google.com/project/natour-ceb0e/performance/app/android:com.example.natour21/metrics/trace/SCREEN_TRACE/_st_homePage?utm_source=perf-android-sdk&utm_medium=android-ide
2022-03-04 15:46:34.223 17911-22827/com.example.natour21 I/FirebasePerformance: Logging network request trace: http://ec2-3-12-83-96.us-east-2.compute.amazonaws.com:8080/api/user/auth (responseCode: 200, responseTime: 133,923ms)
2022-03-04 15:46:34.493 17911-22827/com.example.natour21 I/FirebasePerformance: Logging network request trace: http://ec2-3-12-83-96.us-east-2.compute.amazonaws.com:8080/api/login (responseCode: 200, responseTime: 245,867ms)
2022-03-04 15:46:34.717 17911-22827/com.example.natour21 I/FirebasePerformance: Logging trace metric: login_natour21 (duration: 10237,795ms). In a minute, visit the Firebase console to view your data: https://console.firebase.google.com/project/natour-ceb0e/performance/app/android:com.example.natour21/metrics/trace/DURATION_TRACE/login_natour21?utm_source=perf-android-sdk&utm_medium=android-ide
2022-03-04 15:46:34.994 17911-22827/com.example.natour21 I/FirebasePerformance: Logging network request trace: http://ec2-3-12-83-96.us-east-2.compute.amazonaws.com:8080/api/posts (responseCode: 200, responseTime: 149,278ms)
2022-03-04 15:46:35.305 17911-17911/com.example.natour21 D/FirebasePerformance: Setting metric '_fr_tot' to '14' on trace '_st_Login'
2022-03-04 15:46:35.305 17911-17911/com.example.natour21 D/FirebasePerformance: Setting metric '_fr_slo' to '12' on trace '_st_Login'
2022-03-04 15:46:35.305 17911-17911/com.example.natour21 D/FirebasePerformance: sendScreenTrace name:_st_Login _fr_tot:14 _fr_slo:12 _fr_fzn:0
2022-03-04 15:46:35.309 17911-22827/com.example.natour21 I/FirebasePerformance: Logging trace metric: _st_Login (duration: 12526,856ms). In a minute, visit the Firebase console to view your data: https://console.firebase.google.com/project/natour-ceb0e/performance/app/android:com.example.natour21/metrics/trace/SCREEN_TRACE/_st_Login?utm_source=perf-android-sdk&utm_medium=android-ide
2022-03-04 15:46:35.416 17911-22827/com.example.natour21 I/FirebasePerformance: Logging network request trace: https://maps.googleapis.com/maps/api/directions/json (responseCode: 200, responseTime: 115,064ms)
2022-03-04 15:46:35.501 17911-22827/com.example.natour21 I/FirebasePerformance: Logging network request trace: https://maps.googleapis.com/maps/api/directions/json (responseCode: 200, responseTime: 66,335ms)
2022-03-04 15:46:36.786 17911-22827/com.example.natour21 I/FirebasePerformance: Logging network request trace: http://ec2-3-12-83-96.us-east-2.compute.amazonaws.com:8080/api/reviews/id (responseCode: 200, responseTime: 155,126ms)
2022-03-04 15:46:36.980 17911-22827/com.example.natour21 I/FirebasePerformance: Logging network request trace: http://ec2-3-12-83-96.us-east-2.compute.amazonaws.com:8080/api/difficulty/id (responseCode: 200, responseTime: 357,083ms)
2022-03-04 15:46:36.993 17911-22827/com.example.natour21 I/FirebasePerformance: Logging network request trace: https://maps.googleapis.com/maps/api/directions/json (responseCode: 200, responseTime: 204,686ms)
2022-03-04 15:46:37.002 17911-22827/com.example.natour21 I/FirebasePerformance: Logging network request trace: http://ec2-3-12-83-96.us-east-2.compute.amazonaws.com:8080/api/reports/id (responseCode: 200, responseTime: 342,708ms)
2022-03-04 15:46:37.015 17911-22827/com.example.natour21 I/FirebasePerformance: Logging network request trace: http://ec2-3-12-83-96.us-east-2.compute.amazonaws.com:8080/api/duration/id (responseCode: 200, responseTime: 378,535ms)
2022-03-04 15:46:37.131 17911-22827/com.example.natour21 I/FirebasePerformance: Logging network request trace: http://ec2-3-12-83-96.us-east-2.compute.amazonaws.com:8080/api/difficulty/id (responseCode: 200, responseTime: 137,194ms)
2022-03-04 15:46:37.182 17911-22827/com.example.natour21 I/FirebasePerformance: Logging network request trace: http://ec2-3-12-83-96.us-east-2.compute.amazonaws.com:8080/api/duration/id (responseCode: 200, responseTime: 150,602ms)
2022-03-04 15:46:49.269 17911-22975/com.example.natour21 I/FirebasePerformance: Logging network request trace: http://ec2-3-12-83-96.us-east-2.compute.amazonaws.com:8080/api/report/insert (responseCode: 200, responseTime: 512,401ms)
2022-03-04 15:46:49.278 17911-22975/com.example.natour21 I/FirebasePerformance: Logging trace metric: insertReport (duration: 11304,944ms). In a minute, visit the Firebase console to view your data: https://console.firebase.google.com/project/natour-ceb0e/performance/app/android:com.example.natour21/metrics/trace/DURATION_TRACE/insertReport?utm_source=perf-android-sdk&utm_medium=android-ide
2022-03-04 15:46:49.735 17911-22975/com.example.natour21 I/FirebasePerformance: Logging network request trace: http://ec2-3-12-83-96.us-east-2.compute.amazonaws.com:8080/api/reviews/id (responseCode: 200, responseTime: 161,284ms)
2022-03-04 15:46:49.880 17911-22975/com.example.natour21 I/FirebasePerformance: Logging network request trace: http://ec2-3-12-83-96.us-east-2.compute.amazonaws.com:8080/api/difficulty/id (responseCode: 200, responseTime: 301,414ms)
2022-03-04 15:46:49.897 17911-22975/com.example.natour21 I/FirebasePerformance: Logging network request trace: http://ec2-3-12-83-96.us-east-2.compute.amazonaws.com:8080/api/duration/id (responseCode: 200, responseTime: 303,339ms)
2022-03-04 15:46:49.905 17911-22975/com.example.natour21 I/FirebasePerformance: Logging network request trace: http://ec2-3-12-83-96.us-east-2.compute.amazonaws.com:8080/api/reports/id (responseCode: 200, responseTime: 300,76ms)
2022-03-04 15:46:50.010 17911-22975/com.example.natour21 I/FirebasePerformance: Logging network request trace: https://maps.googleapis.com/maps/api/directions/json (responseCode: 200, responseTime: 221,571ms)
2022-03-04 15:46:50.031 17911-22975/com.example.natour21 I/FirebasePerformance: Logging network request trace: http://ec2-3-12-83-96.us-east-2.compute.amazonaws.com:8080/api/difficulty/id (responseCode: 200, responseTime: 138,243ms)
2022-03-04 15:46:50.036 17911-22975/com.example.natour21 I/FirebasePerformance: Logging network request trace: http://ec2-3-12-83-96.us-east-2.compute.amazonaws.com:8080/api/duration/id (responseCode: 200, responseTime: 139,703ms)
2022-03-04 15:47:05.654 17911-23025/com.example.natour21 I/FirebasePerformance: Logging network request trace: http://ec2-3-12-83-96.us-east-2.compute.amazonaws.com:8080/api/review/insert (responseCode: 200, responseTime: 262,588ms)
2022-03-04 15:47:05.660 17911-23025/com.example.natour21 I/FirebasePerformance: Logging trace metric: insertReview (duration: 14260,753ms). In a minute, visit the Firebase console to view your data: https://console.firebase.google.com/project/natour-ceb0e/performance/app/android:com.example.natour21/metrics/trace/DURATION_TRACE/insertReview?utm_source=perf-android-sdk&utm_medium=android-ide
2022-03-04 15:47:05.994 17911-23025/com.example.natour21 I/FirebasePerformance: Logging network request trace: http://ec2-3-12-83-96.us-east-2.compute.amazonaws.com:8080/api/reports/id (responseCode: 200, responseTime: 138,242ms)
2022-03-04 15:47:06.007 17911-23025/com.example.natour21 I/FirebasePerformance: Logging network request trace: http://ec2-3-12-83-96.us-east-2.compute.amazonaws.com:8080/api/difficulty/id (responseCode: 200, responseTime: 146,031ms)
2022-03-04 15:47:06.081 17911-23025/com.example.natour21 I/FirebasePerformance: Logging network request trace: https://maps.googleapis.com/maps/api/directions/json (responseCode: 200, responseTime: 83,387ms)
2022-03-04 15:47:06.123 17911-23025/com.example.natour21 I/FirebasePerformance: Logging network request trace: http://ec2-3-12-83-96.us-east-2.compute.amazonaws.com:8080/api/duration/id (responseCode: 200, responseTime: 266,015ms)
2022-03-04 15:47:06.135 17911-23025/com.example.natour21 I/FirebasePerformance: Logging network request trace: http://ec2-3-12-83-96.us-east-2.compute.amazonaws.com:8080/api/reviews/id (responseCode: 200, responseTime: 273,614ms)
2022-03-04 15:47:06.166 17911-23025/com.example.natour21 I/FirebasePerformance: Logging network request trace: http://ec2-3-12-83-96.us-east-2.compute.amazonaws.com:8080/api/difficulty/id (responseCode: 200, responseTime: 144,162ms)
2022-03-04 15:47:06.288 17911-23025/com.example.natour21 I/FirebasePerformance: Logging network request trace: http://ec2-3-12-83-96.us-east-2.compute.amazonaws.com:8080/api/duration/id (responseCode: 200, responseTime: 131,776ms)
2022-03-04 15:47:09.883 17911-23025/com.example.natour21 I/FirebasePerformance: Logging network request trace: http://ec2-3-12-83-96.us-east-2.compute.amazonaws.com:8080/api/posts (responseCode: 200, responseTime: 364,875ms)
2022-03-04 15:47:10.347 17911-23025/com.example.natour21 I/FirebasePerformance: Logging network request trace: https://maps.googleapis.com/maps/api/directions/json (responseCode: 200, responseTime: 184,965ms)
2022-03-04 15:47:10.425 17911-23025/com.example.natour21 I/FirebasePerformance: Logging network request trace: https://maps.googleapis.com/maps/api/directions/json (responseCode: 200, responseTime: 68,731ms)
2022-03-04 15:47:10.695 17911-23025/com.example.natour21 I/FirebasePerformance: Logging network request trace: http://ec2-3-12-83-96.us-east-2.compute.amazonaws.com:8080/api/chatrooms (responseCode: 200, responseTime: 141,236ms)
2022-03-04 15:47:12.158 17911-17911/com.example.natour21 D/FirebasePerformance: Setting metric '_fr_tot' to '13' on trace '_st_homePage'
2022-03-04 15:47:12.159 17911-17911/com.example.natour21 D/FirebasePerformance: Setting metric '_fr_slo' to '2' on trace '_st_homePage'
2022-03-04 15:47:12.159 17911-17911/com.example.natour21 D/FirebasePerformance: sendScreenTrace name:_st_homePage _fr_tot:13 _fr_slo:2 _fr_fzn:0
2022-03-04 15:47:12.162 17911-23025/com.example.natour21 I/FirebasePerformance: Logging trace metric: _st_homePage (duration: 37431,365ms). In a minute, visit the Firebase console to view your data: https://console.firebase.google.com/project/natour-ceb0e/performance/app/android:com.example.natour21/metrics/trace/SCREEN_TRACE/_st_homePage?utm_source=perf-android-sdk&utm_medium=android-ide
2022-03-04 15:47:29.801 17911-23201/com.example.natour21 I/FirebasePerformance: Logging network request trace: http://ec2-3-12-83-96.us-east-2.compute.amazonaws.com:8080/api/message/send (responseCode: 200, responseTime: 151,972ms)
2022-03-04 15:47:36.717 17911-23201/com.example.natour21 I/FirebasePerformance: Logging network request trace: http://ec2-3-12-83-96.us-east-2.compute.amazonaws.com:8080/api/message/send (responseCode: 200, responseTime: 245,603ms)
2022-03-04 15:47:36.720 17911-23201/com.example.natour21 I/FirebasePerformance: Logging trace metric: send_new_message (duration: 25090,799ms). In a minute, visit the Firebase console to view your data: https://console.firebase.google.com/project/natour-ceb0e/performance/app/android:com.example.natour21/metrics/trace/DURATION_TRACE/send_new_message?utm_source=perf-android-sdk&utm_medium=android-ide
2022-03-04 15:47:36.983 17911-23201/com.example.natour21 I/FirebasePerformance: Logging network request trace: http://ec2-3-12-83-96.us-east-2.compute.amazonaws.com:8080/api/chatrooms (responseCode: 200, responseTime: 208,283ms)
2022-03-04 15:47:37.158 17911-17911/com.example.natour21 D/FirebasePerformance: Setting metric '_fr_tot' to '10' on trace '_st_SendMessage'
2022-03-04 15:47:37.158 17911-17911/com.example.natour21 D/FirebasePerformance: Setting metric '_fr_slo' to '4' on trace '_st_SendMessage'
2022-03-04 15:47:37.159 17911-17911/com.example.natour21 D/FirebasePerformance: sendScreenTrace name:_st_SendMessage _fr_tot:10 _fr_slo:4 _fr_fzn:0
2022-03-04 15:47:37.177 17911-23201/com.example.natour21 I/FirebasePerformance: Logging trace metric: _st_SendMessage (duration: 25527,451ms). In a minute, visit the Firebase console to view your data: https://console.firebase.google.com/project/natour-ceb0e/performance/app/android:com.example.natour21/metrics/trace/SCREEN_TRACE/_st_SendMessage?utm_source=perf-android-sdk&utm_medium=android-ide
2022-03-04 15:47:43.358 17911-17911/com.example.natour21 D/FirebasePerformance: Setting metric '_fr_tot' to '32' on trace '_st_homePage'
2022-03-04 15:47:43.359 17911-17911/com.example.natour21 D/FirebasePerformance: Setting metric '_fr_slo' to '5' on trace '_st_homePage'
2022-03-04 15:47:43.359 17911-17911/com.example.natour21 D/FirebasePerformance: sendScreenTrace name:_st_homePage _fr_tot:32 _fr_slo:5 _fr_fzn:0
2022-03-04 15:47:43.362 17911-23201/com.example.natour21 I/FirebasePerformance: Logging trace metric: _st_homePage (duration: 6606,933ms). In a minute, visit the Firebase console to view your data: https://console.firebase.google.com/project/natour-ceb0e/performance/app/android:com.example.natour21/metrics/trace/SCREEN_TRACE/_st_homePage?utm_source=perf-android-sdk&utm_medium=android-ide

