2022-03-04 16:59:45.274 8687-8687/com.example.natour21 I/FirebaseApp: Device unlocked: initializing all Firebase APIs for app [DEFAULT]
2022-03-04 16:59:45.294 8687-8687/com.example.natour21 I/FirebaseInitProvider: FirebaseApp initialization successful
2022-03-04 16:59:46.014 8687-18522/com.example.natour21 D/FirebasePerformance: Transport is not initialized yet, network request trace: https://graph.facebook.com/v13.0/app (responseCode: 200, responseTime: 374,134ms) will be queued for to be dispatched later
2022-03-04 16:59:46.016 8687-18522/com.example.natour21 D/FirebasePerformance: Transport is not initialized yet, network request trace: https://graph.facebook.com/v13.0/app/mobile_sdk_gk (responseCode: 200, responseTime: 382,703ms) will be queued for to be dispatched later
2022-03-04 16:59:46.054 8687-18522/com.example.natour21 D/FirebasePerformance: Transport is not initialized yet, network request trace: https://graph.facebook.com/v13.0/app (responseCode: 200, responseTime: 507,219ms) will be queued for to be dispatched later
2022-03-04 16:59:46.141 8687-18522/com.example.natour21 D/FirebasePerformance: Transport is not initialized yet, network request trace: https://graph.facebook.com/v13.0/app/mobile_sdk_gk (responseCode: 200, responseTime: 145,942ms) will be queued for to be dispatched later
2022-03-04 16:59:46.260 8687-8687/com.example.natour21 I/FirebasePerformance: Firebase Performance Monitoring is successfully initialized! In a minute, visit the Firebase console to view your data: https://console.firebase.google.com/project/natour-ceb0e/performance/app/android:com.example.natour21/trends?utm_source=perf-android-sdk&utm_medium=android-ide
2022-03-04 16:59:46.260 8687-8687/com.example.natour21 D/FirebasePerformance: onResume(): com.example.natour21.Activity.Login: 1051010 microseconds
2022-03-04 16:59:46.322 8687-18522/com.example.natour21 I/FirebasePerformance: Logging trace metric: _as (duration: 1051,01ms). In a minute, visit the Firebase console to view your data: https://console.firebase.google.com/project/natour-ceb0e/performance/app/android:com.example.natour21/metrics/trace/DURATION_TRACE/_as?utm_source=perf-android-sdk&utm_medium=android-ide
2022-03-04 16:59:46.407 8687-18522/com.example.natour21 I/FirebasePerformance: Logging network request trace: https://graph.facebook.com/v13.0/app (responseCode: 200, responseTime: 374,134ms)
2022-03-04 16:59:46.417 8687-18522/com.example.natour21 I/FirebasePerformance: Logging network request trace: https://graph.facebook.com/v13.0/app/mobile_sdk_gk (responseCode: 200, responseTime: 382,703ms)
2022-03-04 16:59:46.431 8687-18522/com.example.natour21 I/FirebasePerformance: Logging network request trace: https://graph.facebook.com/v13.0/app (responseCode: 200, responseTime: 507,219ms)
2022-03-04 16:59:46.438 8687-18522/com.example.natour21 I/FirebasePerformance: Logging network request trace: https://graph.facebook.com/v13.0/app/mobile_sdk_gk (responseCode: 200, responseTime: 145,942ms)
2022-03-04 16:59:46.842 8687-18522/com.example.natour21 I/FirebasePerformance: Logging network request trace: https://graph.facebook.com/v13.0/573964120424560/activities (responseCode: 200, responseTime: 377,795ms)
2022-03-04 17:00:05.081 8687-18837/com.example.natour21 I/FirebasePerformance: Logging network request trace: http://ec2-3-12-83-96.us-east-2.compute.amazonaws.com:8080/api/user/auth (responseCode: 200, responseTime: 140,363ms)
2022-03-04 17:00:05.360 8687-18837/com.example.natour21 I/FirebasePerformance: Logging network request trace: http://ec2-3-12-83-96.us-east-2.compute.amazonaws.com:8080/api/login (responseCode: 200, responseTime: 238,571ms)
2022-03-04 17:00:05.915 8687-18837/com.example.natour21 I/FirebasePerformance: Logging trace metric: login_natour21 (duration: 18037,585ms). In a minute, visit the Firebase console to view your data: https://console.firebase.google.com/project/natour-ceb0e/performance/app/android:com.example.natour21/metrics/trace/DURATION_TRACE/login_natour21?utm_source=perf-android-sdk&utm_medium=android-ide
2022-03-04 17:00:06.320 8687-18837/com.example.natour21 I/FirebasePerformance: Logging network request trace: http://ec2-3-12-83-96.us-east-2.compute.amazonaws.com:8080/api/posts (responseCode: 200, responseTime: 153,632ms)
2022-03-04 17:00:07.351 8687-8687/com.example.natour21 D/FirebasePerformance: Setting metric '_fr_tot' to '74' on trace '_st_Login'
2022-03-04 17:00:07.352 8687-8687/com.example.natour21 D/FirebasePerformance: Setting metric '_fr_slo' to '37' on trace '_st_Login'
2022-03-04 17:00:07.352 8687-8687/com.example.natour21 D/FirebasePerformance: Setting metric '_fr_fzn' to '1' on trace '_st_Login'
2022-03-04 17:00:07.352 8687-8687/com.example.natour21 D/FirebasePerformance: sendScreenTrace name:_st_Login _fr_tot:74 _fr_slo:37 _fr_fzn:1
2022-03-04 17:00:07.364 8687-18837/com.example.natour21 I/FirebasePerformance: Logging trace metric: _st_Login (duration: 21123,982ms). In a minute, visit the Firebase console to view your data: https://console.firebase.google.com/project/natour-ceb0e/performance/app/android:com.example.natour21/metrics/trace/SCREEN_TRACE/_st_Login?utm_source=perf-android-sdk&utm_medium=android-ide
2022-03-04 17:00:07.759 8687-18837/com.example.natour21 I/FirebasePerformance: Logging network request trace: https://maps.googleapis.com/maps/api/directions/json (responseCode: 200, responseTime: 330,283ms)
2022-03-04 17:00:07.895 8687-18837/com.example.natour21 I/FirebasePerformance: Logging network request trace: https://maps.googleapis.com/maps/api/directions/json (responseCode: 200, responseTime: 117,518ms)
2022-03-04 17:01:04.465 8687-19183/com.example.natour21 I/FirebasePerformance: Logging network request trace: https://maps.googleapis.com/maps/api/place/autocomplete/json (responseCode: 200, responseTime: 311,811ms)
2022-03-04 17:01:05.112 8687-19183/com.example.natour21 I/FirebasePerformance: Logging network request trace: https://maps.googleapis.com/maps/api/place/autocomplete/json (responseCode: 200, responseTime: 169,146ms)
2022-03-04 17:01:06.439 8687-19183/com.example.natour21 I/FirebasePerformance: Logging network request trace: https://maps.googleapis.com/maps/api/place/details/json (responseCode: 200, responseTime: 173,209ms)
2022-03-04 17:01:06.596 8687-8687/com.example.natour21 D/FirebasePerformance: Setting metric '_fr_tot' to '124' on trace '_st_AutocompleteActivity'
2022-03-04 17:01:06.597 8687-8687/com.example.natour21 D/FirebasePerformance: Setting metric '_fr_slo' to '78' on trace '_st_AutocompleteActivity'
2022-03-04 17:01:06.597 8687-8687/com.example.natour21 D/FirebasePerformance: sendScreenTrace name:_st_AutocompleteActivity _fr_tot:124 _fr_slo:78 _fr_fzn:0
2022-03-04 17:01:06.606 8687-19183/com.example.natour21 I/FirebasePerformance: Logging trace metric: _st_AutocompleteActivity (duration: 3965,17ms). In a minute, visit the Firebase console to view your data: https://console.firebase.google.com/project/natour-ceb0e/performance/app/android:com.example.natour21/metrics/trace/SCREEN_TRACE/_st_AutocompleteActivity?utm_source=perf-android-sdk&utm_medium=android-ide
2022-03-04 17:01:10.751 8687-19183/com.example.natour21 I/FirebasePerformance: Logging network request trace: https://maps.googleapis.com/maps/api/directions/json (responseCode: 200, responseTime: 188,046ms)
2022-03-04 17:01:17.173 8687-19183/com.example.natour21 I/FirebasePerformance: Logging network request trace: https://maps.googleapis.com/maps/api/directions/json (responseCode: 200, responseTime: 230,112ms)
2022-03-04 17:01:21.461 8687-19183/com.example.natour21 I/FirebasePerformance: Logging network request trace: https://maps.googleapis.com/maps/api/directions/json (responseCode: 200, responseTime: 164,672ms)
2022-03-04 17:01:23.235 8687-19183/com.example.natour21 I/FirebasePerformance: Logging network request trace: http://ec2-3-12-83-96.us-east-2.compute.amazonaws.com:8080/api/post/insert (responseCode: 200, responseTime: 155,62ms)
2022-03-04 17:01:23.242 8687-19183/com.example.natour21 I/FirebasePerformance: Logging trace metric: insertPost (duration: 58044,412ms). In a minute, visit the Firebase console to view your data: https://console.firebase.google.com/project/natour-ceb0e/performance/app/android:com.example.natour21/metrics/trace/DURATION_TRACE/insertPost?utm_source=perf-android-sdk&utm_medium=android-ide
2022-03-04 17:01:23.728 8687-19183/com.example.natour21 I/FirebasePerformance: Logging network request trace: http://ec2-3-12-83-96.us-east-2.compute.amazonaws.com:8080/api/posts (responseCode: 200, responseTime: 188,781ms)
2022-03-04 17:01:24.217 8687-19183/com.example.natour21 I/FirebasePerformance: Logging network request trace: https://maps.googleapis.com/maps/api/directions/json (responseCode: 200, responseTime: 96,309ms)
2022-03-04 17:01:24.350 8687-19183/com.example.natour21 I/FirebasePerformance: Logging network request trace: https://maps.googleapis.com/maps/api/directions/json (responseCode: 200, responseTime: 107,143ms)
2022-03-04 17:01:25.852 8687-19183/com.example.natour21 I/FirebasePerformance: Logging network request trace: https://maps.googleapis.com/maps/api/directions/json (responseCode: 200, responseTime: 108,005ms)
2022-03-04 17:01:26.720 8687-19183/com.example.natour21 I/FirebasePerformance: Logging network request trace: http://ec2-3-12-83-96.us-east-2.compute.amazonaws.com:8080/api/difficulty/id (responseCode: 200, responseTime: 223,803ms)
2022-03-04 17:01:26.813 8687-19183/com.example.natour21 I/FirebasePerformance: Logging network request trace: https://maps.googleapis.com/maps/api/directions/json (responseCode: 200, responseTime: 188,704ms)
2022-03-04 17:01:26.854 8687-19183/com.example.natour21 I/FirebasePerformance: Logging network request trace: http://ec2-3-12-83-96.us-east-2.compute.amazonaws.com:8080/api/duration/id (responseCode: 200, responseTime: 355,016ms)
2022-03-04 17:01:26.862 8687-19183/com.example.natour21 I/FirebasePerformance: Logging network request trace: http://ec2-3-12-83-96.us-east-2.compute.amazonaws.com:8080/api/reports/id (responseCode: 200, responseTime: 345,716ms)
2022-03-04 17:01:26.871 8687-19183/com.example.natour21 I/FirebasePerformance: Logging network request trace: http://ec2-3-12-83-96.us-east-2.compute.amazonaws.com:8080/api/reviews/id (responseCode: 200, responseTime: 358,886ms)
2022-03-04 17:01:26.878 8687-19183/com.example.natour21 I/FirebasePerformance: Logging network request trace: http://ec2-3-12-83-96.us-east-2.compute.amazonaws.com:8080/api/difficulty/id (responseCode: 200, responseTime: 135,612ms)
2022-03-04 17:01:27.008 8687-19183/com.example.natour21 I/FirebasePerformance: Logging network request trace: http://ec2-3-12-83-96.us-east-2.compute.amazonaws.com:8080/api/duration/id (responseCode: 200, responseTime: 134,694ms)
2022-03-04 17:01:43.574 8687-19382/com.example.natour21 I/FirebasePerformance: Logging network request trace: http://ec2-3-12-83-96.us-east-2.compute.amazonaws.com:8080/api/report/insert (responseCode: 200, responseTime: 692,574ms)
2022-03-04 17:01:43.584 8687-19382/com.example.natour21 I/FirebasePerformance: Logging trace metric: insertReport (duration: 15157,941ms). In a minute, visit the Firebase console to view your data: https://console.firebase.google.com/project/natour-ceb0e/performance/app/android:com.example.natour21/metrics/trace/DURATION_TRACE/insertReport?utm_source=perf-android-sdk&utm_medium=android-ide
2022-03-04 17:01:44.095 8687-19382/com.example.natour21 I/FirebasePerformance: Logging network request trace: http://ec2-3-12-83-96.us-east-2.compute.amazonaws.com:8080/api/difficulty/id (responseCode: 200, responseTime: 161,311ms)
2022-03-04 17:01:44.264 8687-19382/com.example.natour21 I/FirebasePerformance: Logging network request trace: http://ec2-3-12-83-96.us-east-2.compute.amazonaws.com:8080/api/reports/id (responseCode: 200, responseTime: 315,718ms)
2022-03-04 17:01:44.273 8687-19382/com.example.natour21 I/FirebasePerformance: Logging network request trace: http://ec2-3-12-83-96.us-east-2.compute.amazonaws.com:8080/api/duration/id (responseCode: 200, responseTime: 305,82ms)
2022-03-04 17:01:44.282 8687-19382/com.example.natour21 I/FirebasePerformance: Logging network request trace: http://ec2-3-12-83-96.us-east-2.compute.amazonaws.com:8080/api/difficulty/id (responseCode: 200, responseTime: 143,226ms)
2022-03-04 17:01:44.292 8687-19382/com.example.natour21 I/FirebasePerformance: Logging network request trace: http://ec2-3-12-83-96.us-east-2.compute.amazonaws.com:8080/api/reviews/id (responseCode: 200, responseTime: 318,786ms)
2022-03-04 17:01:44.378 8687-19382/com.example.natour21 I/FirebasePerformance: Logging network request trace: https://maps.googleapis.com/maps/api/directions/json (responseCode: 200, responseTime: 300,128ms)
2022-03-04 17:01:44.395 8687-19382/com.example.natour21 I/FirebasePerformance: Logging network request trace: http://ec2-3-12-83-96.us-east-2.compute.amazonaws.com:8080/api/duration/id (responseCode: 200, responseTime: 134,687ms)
2022-03-04 17:01:58.541 8687-19445/com.example.natour21 I/FirebasePerformance: Logging network request trace: http://ec2-3-12-83-96.us-east-2.compute.amazonaws.com:8080/api/review/insert (responseCode: 200, responseTime: 224,433ms)
2022-03-04 17:01:58.547 8687-19445/com.example.natour21 I/FirebasePerformance: Logging trace metric: insertReview (duration: 12040,832ms). In a minute, visit the Firebase console to view your data: https://console.firebase.google.com/project/natour-ceb0e/performance/app/android:com.example.natour21/metrics/trace/DURATION_TRACE/insertReview?utm_source=perf-android-sdk&utm_medium=android-ide
2022-03-04 17:01:58.942 8687-19445/com.example.natour21 I/FirebasePerformance: Logging network request trace: http://ec2-3-12-83-96.us-east-2.compute.amazonaws.com:8080/api/reports/id (responseCode: 200, responseTime: 142,388ms)
2022-03-04 17:01:58.946 8687-19445/com.example.natour21 I/FirebasePerformance: Logging network request trace: http://ec2-3-12-83-96.us-east-2.compute.amazonaws.com:8080/api/duration/id (responseCode: 200, responseTime: 143,263ms)
2022-03-04 17:01:58.955 8687-19445/com.example.natour21 I/FirebasePerformance: Logging network request trace: http://ec2-3-12-83-96.us-east-2.compute.amazonaws.com:8080/api/difficulty/id (responseCode: 200, responseTime: 143,476ms)
2022-03-04 17:01:59.016 8687-19445/com.example.natour21 I/FirebasePerformance: Logging network request trace: https://maps.googleapis.com/maps/api/directions/json (responseCode: 200, responseTime: 105,82ms)
2022-03-04 17:01:59.075 8687-19445/com.example.natour21 I/FirebasePerformance: Logging network request trace: http://ec2-3-12-83-96.us-east-2.compute.amazonaws.com:8080/api/reviews/id (responseCode: 200, responseTime: 268,646ms)
2022-03-04 17:01:59.097 8687-19445/com.example.natour21 I/FirebasePerformance: Logging network request trace: http://ec2-3-12-83-96.us-east-2.compute.amazonaws.com:8080/api/difficulty/id (responseCode: 200, responseTime: 133,289ms)
2022-03-04 17:01:59.108 8687-19445/com.example.natour21 I/FirebasePerformance: Logging network request trace: http://ec2-3-12-83-96.us-east-2.compute.amazonaws.com:8080/api/duration/id (responseCode: 200, responseTime: 137,445ms)
2022-03-04 17:02:07.682 8687-19445/com.example.natour21 I/FirebasePerformance: Logging network request trace: http://ec2-3-12-83-96.us-east-2.compute.amazonaws.com:8080/api/posts (responseCode: 200, responseTime: 244,598ms)
2022-03-04 17:02:08.388 8687-19445/com.example.natour21 I/FirebasePerformance: Logging network request trace: https://maps.googleapis.com/maps/api/directions/json (responseCode: 200, responseTime: 289,807ms)
2022-03-04 17:02:08.514 8687-19445/com.example.natour21 I/FirebasePerformance: Logging network request trace: https://maps.googleapis.com/maps/api/directions/json (responseCode: 200, responseTime: 99,841ms)
2022-03-04 17:02:08.611 8687-19445/com.example.natour21 I/FirebasePerformance: Logging network request trace: https://maps.googleapis.com/maps/api/directions/json (responseCode: 200, responseTime: 84,587ms)
2022-03-04 17:02:08.844 8687-19445/com.example.natour21 I/FirebasePerformance: Logging network request trace: http://ec2-3-12-83-96.us-east-2.compute.amazonaws.com:8080/api/chatrooms (responseCode: 200, responseTime: 148,131ms)
2022-03-04 17:02:12.796 8687-8687/com.example.natour21 D/FirebasePerformance: Setting metric '_fr_tot' to '10' on trace '_st_homePage'
2022-03-04 17:02:12.796 8687-8687/com.example.natour21 D/FirebasePerformance: Setting metric '_fr_slo' to '3' on trace '_st_homePage'
2022-03-04 17:02:12.796 8687-8687/com.example.natour21 D/FirebasePerformance: sendScreenTrace name:_st_homePage _fr_tot:10 _fr_slo:3 _fr_fzn:0
2022-03-04 17:02:12.800 8687-19445/com.example.natour21 I/FirebasePerformance: Logging trace metric: _st_homePage (duration: 126805,344ms). In a minute, visit the Firebase console to view your data: https://console.firebase.google.com/project/natour-ceb0e/performance/app/android:com.example.natour21/metrics/trace/SCREEN_TRACE/_st_homePage?utm_source=perf-android-sdk&utm_medium=android-ide
2022-03-04 17:02:24.061 8687-19619/com.example.natour21 I/FirebasePerformance: Logging network request trace: http://ec2-3-12-83-96.us-east-2.compute.amazonaws.com:8080/api/message/send (responseCode: 200, responseTime: 402,096ms)
2022-03-04 17:02:24.066 8687-19619/com.example.natour21 I/FirebasePerformance: Logging trace metric: send_new_message (duration: 11799,484ms). In a minute, visit the Firebase console to view your data: https://console.firebase.google.com/project/natour-ceb0e/performance/app/android:com.example.natour21/metrics/trace/DURATION_TRACE/send_new_message?utm_source=perf-android-sdk&utm_medium=android-ide
2022-03-04 17:02:24.262 8687-19619/com.example.natour21 I/FirebasePerformance: Logging network request trace: http://ec2-3-12-83-96.us-east-2.compute.amazonaws.com:8080/api/chatrooms (responseCode: 200, responseTime: 137,709ms)
2022-03-04 17:02:24.498 8687-8687/com.example.natour21 D/FirebasePerformance: Setting metric '_fr_tot' to '10' on trace '_st_SendMessage'
2022-03-04 17:02:24.499 8687-8687/com.example.natour21 D/FirebasePerformance: Setting metric '_fr_slo' to '4' on trace '_st_SendMessage'
2022-03-04 17:02:24.499 8687-8687/com.example.natour21 D/FirebasePerformance: sendScreenTrace name:_st_SendMessage _fr_tot:10 _fr_slo:4 _fr_fzn:0
2022-03-04 17:02:24.509 8687-19619/com.example.natour21 I/FirebasePerformance: Logging trace metric: _st_SendMessage (duration: 12233,3ms). In a minute, visit the Firebase console to view your data: https://console.firebase.google.com/project/natour-ceb0e/performance/app/android:com.example.natour21/metrics/trace/SCREEN_TRACE/_st_SendMessage?utm_source=perf-android-sdk&utm_medium=android-ide
2022-03-04 17:02:31.964 8687-8687/com.example.natour21 D/FirebasePerformance: Setting metric '_fr_tot' to '31' on trace '_st_homePage'
2022-03-04 17:02:31.964 8687-8687/com.example.natour21 D/FirebasePerformance: Setting metric '_fr_slo' to '4' on trace '_st_homePage'
2022-03-04 17:02:31.964 8687-8687/com.example.natour21 D/FirebasePerformance: sendScreenTrace name:_st_homePage _fr_tot:31 _fr_slo:4 _fr_fzn:0
2022-03-04 17:02:31.978 8687-19619/com.example.natour21 I/FirebasePerformance: Logging trace metric: _st_homePage (duration: 7869,378ms). In a minute, visit the Firebase console to view your data: https://console.firebase.google.com/project/natour-ceb0e/performance/app/android:com.example.natour21/metrics/trace/SCREEN_TRACE/_st_homePage?utm_source=perf-android-sdk&utm_medium=android-ide
