2022-03-04 16:00:37.960 26224-26224/com.example.natour21 I/FirebaseApp: Device unlocked: initializing all Firebase APIs for app [DEFAULT]
2022-03-04 16:00:37.980 26224-26224/com.example.natour21 I/FirebaseInitProvider: FirebaseApp initialization successful
2022-03-04 16:00:38.634 26224-29672/com.example.natour21 D/FirebasePerformance: Transport is not initialized yet, network request trace: https://graph.facebook.com/v13.0/app (responseCode: 200, responseTime: 353,453ms) will be queued for to be dispatched later
2022-03-04 16:00:38.637 26224-29672/com.example.natour21 D/FirebasePerformance: Transport is not initialized yet, network request trace: https://graph.facebook.com/v13.0/app (responseCode: 200, responseTime: 351,826ms) will be queued for to be dispatched later
2022-03-04 16:00:38.639 26224-29672/com.example.natour21 D/FirebasePerformance: Transport is not initialized yet, network request trace: https://graph.facebook.com/v13.0/app/mobile_sdk_gk (responseCode: 200, responseTime: 349,263ms) will be queued for to be dispatched later
2022-03-04 16:00:38.772 26224-29672/com.example.natour21 D/FirebasePerformance: Transport is not initialized yet, network request trace: https://graph.facebook.com/v13.0/app/mobile_sdk_gk (responseCode: 200, responseTime: 144,097ms) will be queued for to be dispatched later
2022-03-04 16:00:38.903 26224-26224/com.example.natour21 I/FirebasePerformance: Firebase Performance Monitoring is successfully initialized! In a minute, visit the Firebase console to view your data: https://console.firebase.google.com/project/natour-ceb0e/performance/app/android:com.example.natour21/trends?utm_source=perf-android-sdk&utm_medium=android-ide
2022-03-04 16:00:38.903 26224-26224/com.example.natour21 D/FirebasePerformance: onResume(): com.example.natour21.Activity.Login: 1006158 microseconds
2022-03-04 16:00:38.939 26224-29672/com.example.natour21 I/FirebasePerformance: Logging trace metric: _as (duration: 1006,158ms). In a minute, visit the Firebase console to view your data: https://console.firebase.google.com/project/natour-ceb0e/performance/app/android:com.example.natour21/metrics/trace/DURATION_TRACE/_as?utm_source=perf-android-sdk&utm_medium=android-ide
2022-03-04 16:00:39.019 26224-29672/com.example.natour21 I/FirebasePerformance: Logging network request trace: https://graph.facebook.com/v13.0/app (responseCode: 200, responseTime: 353,453ms)
2022-03-04 16:00:39.024 26224-29672/com.example.natour21 I/FirebasePerformance: Logging network request trace: https://graph.facebook.com/v13.0/app (responseCode: 200, responseTime: 351,826ms)
2022-03-04 16:00:39.029 26224-29672/com.example.natour21 I/FirebasePerformance: Logging network request trace: https://graph.facebook.com/v13.0/app/mobile_sdk_gk (responseCode: 200, responseTime: 349,263ms)
2022-03-04 16:00:39.033 26224-29672/com.example.natour21 I/FirebasePerformance: Logging network request trace: https://graph.facebook.com/v13.0/app/mobile_sdk_gk (responseCode: 200, responseTime: 144,097ms)
2022-03-04 16:00:40.456 26224-29672/com.example.natour21 I/FirebasePerformance: Logging network request trace: https://graph.facebook.com/v13.0/573964120424560/activities (responseCode: 200, responseTime: 1170,99ms)
2022-03-04 16:01:00.243 26224-29853/com.example.natour21 I/FirebasePerformance: Logging network request trace: http://ec2-3-12-83-96.us-east-2.compute.amazonaws.com:8080/api/user/auth (responseCode: 200, responseTime: 142,406ms)
2022-03-04 16:01:00.510 26224-29853/com.example.natour21 I/FirebasePerformance: Logging network request trace: http://ec2-3-12-83-96.us-east-2.compute.amazonaws.com:8080/api/login (responseCode: 200, responseTime: 236,632ms)
2022-03-04 16:01:01.080 26224-29853/com.example.natour21 I/FirebasePerformance: Logging trace metric: login_natour21 (duration: 18531,327ms). In a minute, visit the Firebase console to view your data: https://console.firebase.google.com/project/natour-ceb0e/performance/app/android:com.example.natour21/metrics/trace/DURATION_TRACE/login_natour21?utm_source=perf-android-sdk&utm_medium=android-ide
2022-03-04 16:01:01.656 26224-29853/com.example.natour21 I/FirebasePerformance: Logging network request trace: http://ec2-3-12-83-96.us-east-2.compute.amazonaws.com:8080/api/posts (responseCode: 200, responseTime: 160,766ms)
2022-03-04 16:01:02.781 26224-26224/com.example.natour21 D/FirebasePerformance: Setting metric '_fr_tot' to '81' on trace '_st_Login'
2022-03-04 16:01:02.781 26224-26224/com.example.natour21 D/FirebasePerformance: Setting metric '_fr_slo' to '35' on trace '_st_Login'
2022-03-04 16:01:02.782 26224-26224/com.example.natour21 D/FirebasePerformance: Setting metric '_fr_fzn' to '2' on trace '_st_Login'
2022-03-04 16:01:02.782 26224-26224/com.example.natour21 D/FirebasePerformance: sendScreenTrace name:_st_Login _fr_tot:81 _fr_slo:35 _fr_fzn:2
2022-03-04 16:01:02.791 26224-29853/com.example.natour21 I/FirebasePerformance: Logging trace metric: _st_Login (duration: 23906,566ms). In a minute, visit the Firebase console to view your data: https://console.firebase.google.com/project/natour-ceb0e/performance/app/android:com.example.natour21/metrics/trace/SCREEN_TRACE/_st_Login?utm_source=perf-android-sdk&utm_medium=android-ide
2022-03-04 16:01:03.236 26224-29853/com.example.natour21 I/FirebasePerformance: Logging network request trace: https://maps.googleapis.com/maps/api/directions/json (responseCode: 200, responseTime: 389,434ms)
2022-03-04 16:01:03.366 26224-29853/com.example.natour21 I/FirebasePerformance: Logging network request trace: https://maps.googleapis.com/maps/api/directions/json (responseCode: 200, responseTime: 109,353ms)
2022-03-04 16:01:09.990 26224-26224/com.example.natour21 D/FirebasePerformance: sendScreenTrace name:_st_homePage _fr_tot:0 _fr_slo:0 _fr_fzn:0
2022-03-04 16:01:09.998 26224-29853/com.example.natour21 W/FirebasePerformance: non-positive totalFrames in screen trace _st_homePage
2022-03-04 16:01:09.999 26224-29853/com.example.natour21 W/FirebasePerformance: Invalid Trace:_st_homePage
2022-03-04 16:01:10.007 26224-29853/com.example.natour21 W/FirebasePerformance: Unable to process the PerfMetric (trace metric: _st_homePage (duration: 8810,118ms)) due to missing or invalid values. See earlier log statements for additional information on the specific missing/invalid values.
2022-03-04 16:01:10.024 26224-29853/com.example.natour21 I/FirebasePerformance: Logging trace metric: _fs (duration: 31102,689ms). In a minute, visit the Firebase console to view your data: https://console.firebase.google.com/project/natour-ceb0e/performance/app/android:com.example.natour21/metrics/trace/DURATION_TRACE/_fs?utm_source=perf-android-sdk&utm_medium=android-ide
2022-03-04 16:01:13.264 26224-29853/com.example.natour21 I/FirebasePerformance: Logging trace metric: _bs (duration: 3242,352ms). In a minute, visit the Firebase console to view your data: https://console.firebase.google.com/project/natour-ceb0e/performance/app/android:com.example.natour21/metrics/trace/DURATION_TRACE/_bs?utm_source=perf-android-sdk&utm_medium=android-ide
2022-03-04 16:01:45.088 26224-30705/com.example.natour21 I/FirebasePerformance: Logging network request trace: https://maps.googleapis.com/maps/api/place/autocomplete/json (responseCode: 200, responseTime: 177,54ms)
2022-03-04 16:01:45.257 26224-30705/com.example.natour21 I/FirebasePerformance: Logging network request trace: https://maps.googleapis.com/maps/api/place/autocomplete/json (responseCode: 200, responseTime: 225,123ms)
2022-03-04 16:01:45.311 26224-30705/com.example.natour21 I/FirebasePerformance: Logging network request trace: https://maps.googleapis.com/maps/api/place/autocomplete/json (responseCode: 200, responseTime: 92,274ms)
2022-03-04 16:01:45.691 26224-30705/com.example.natour21 I/FirebasePerformance: Logging network request trace: https://maps.googleapis.com/maps/api/place/autocomplete/json (responseCode: 200, responseTime: 119,204ms)
2022-03-04 16:01:48.562 26224-30705/com.example.natour21 I/FirebasePerformance: Logging network request trace: https://maps.googleapis.com/maps/api/place/autocomplete/json (responseCode: 200, responseTime: 104,598ms)
2022-03-04 16:01:49.085 26224-30705/com.example.natour21 I/FirebasePerformance: Logging network request trace: https://maps.googleapis.com/maps/api/place/autocomplete/json (responseCode: 200, responseTime: 86,785ms)
2022-03-04 16:01:49.229 26224-30705/com.example.natour21 I/FirebasePerformance: Logging network request trace: https://maps.googleapis.com/maps/api/place/autocomplete/json (responseCode: 200, responseTime: 94,912ms)
2022-03-04 16:01:49.571 26224-30705/com.example.natour21 I/FirebasePerformance: Logging network request trace: https://maps.googleapis.com/maps/api/place/autocomplete/json (responseCode: 200, responseTime: 92,29ms)
2022-03-04 16:01:51.407 26224-30705/com.example.natour21 I/FirebasePerformance: Logging network request trace: https://maps.googleapis.com/maps/api/place/details/json (responseCode: 200, responseTime: 112,456ms)
2022-03-04 16:01:51.566 26224-26224/com.example.natour21 D/FirebasePerformance: Setting metric '_fr_tot' to '465' on trace '_st_AutocompleteActivity'
2022-03-04 16:01:51.566 26224-26224/com.example.natour21 D/FirebasePerformance: Setting metric '_fr_slo' to '126' on trace '_st_AutocompleteActivity'
2022-03-04 16:01:51.567 26224-26224/com.example.natour21 D/FirebasePerformance: sendScreenTrace name:_st_AutocompleteActivity _fr_tot:465 _fr_slo:126 _fr_fzn:0
2022-03-04 16:01:51.578 26224-30705/com.example.natour21 I/FirebasePerformance: Logging trace metric: _st_AutocompleteActivity (duration: 8330,624ms). In a minute, visit the Firebase console to view your data: https://console.firebase.google.com/project/natour-ceb0e/performance/app/android:com.example.natour21/metrics/trace/SCREEN_TRACE/_st_AutocompleteActivity?utm_source=perf-android-sdk&utm_medium=android-ide
2022-03-04 16:01:56.248 26224-30705/com.example.natour21 I/FirebasePerformance: Logging network request trace: https://maps.googleapis.com/maps/api/directions/json (responseCode: 200, responseTime: 201,798ms)
2022-03-04 16:02:00.310 26224-30705/com.example.natour21 I/FirebasePerformance: Logging network request trace: http://ec2-3-12-83-96.us-east-2.compute.amazonaws.com:8080/api/post/insert (responseCode: 200, responseTime: 150,313ms)
2022-03-04 16:02:00.323 26224-30705/com.example.natour21 I/FirebasePerformance: Logging trace metric: insertPost (duration: 55766,915ms). In a minute, visit the Firebase console to view your data: https://console.firebase.google.com/project/natour-ceb0e/performance/app/android:com.example.natour21/metrics/trace/DURATION_TRACE/insertPost?utm_source=perf-android-sdk&utm_medium=android-ide
2022-03-04 16:02:00.796 26224-30705/com.example.natour21 I/FirebasePerformance: Logging network request trace: http://ec2-3-12-83-96.us-east-2.compute.amazonaws.com:8080/api/posts (responseCode: 200, responseTime: 157,751ms)
2022-03-04 16:02:01.279 26224-30705/com.example.natour21 I/FirebasePerformance: Logging network request trace: https://maps.googleapis.com/maps/api/directions/json (responseCode: 200, responseTime: 85,684ms)
2022-03-04 16:02:01.395 26224-30705/com.example.natour21 I/FirebasePerformance: Logging network request trace: https://maps.googleapis.com/maps/api/directions/json (responseCode: 200, responseTime: 76,528ms)
2022-03-04 16:02:06.235 26224-30705/com.example.natour21 I/FirebasePerformance: Logging network request trace: http://ec2-3-12-83-96.us-east-2.compute.amazonaws.com:8080/api/reports (responseCode: 200, responseTime: 177,782ms)
2022-03-04 16:02:11.350 26224-30705/com.example.natour21 I/FirebasePerformance: Logging network request trace: http://ec2-3-12-83-96.us-east-2.compute.amazonaws.com:8080/api/posts (responseCode: 200, responseTime: 406,545ms)
2022-03-04 16:02:11.811 26224-30705/com.example.natour21 I/FirebasePerformance: Logging network request trace: https://maps.googleapis.com/maps/api/directions/json (responseCode: 200, responseTime: 85,213ms)
2022-03-04 16:02:11.951 26224-30705/com.example.natour21 I/FirebasePerformance: Logging network request trace: https://maps.googleapis.com/maps/api/directions/json (responseCode: 200, responseTime: 107,089ms)
2022-03-04 16:02:12.680 26224-30705/com.example.natour21 I/FirebasePerformance: Logging network request trace: https://maps.googleapis.com/maps/api/directions/json (responseCode: 200, responseTime: 85,961ms)
2022-03-04 16:02:12.912 26224-30705/com.example.natour21 I/FirebasePerformance: Logging network request trace: https://maps.googleapis.com/maps/api/directions/json (responseCode: 200, responseTime: 125,064ms)
2022-03-04 16:02:13.002 26224-30705/com.example.natour21 I/FirebasePerformance: Logging network request trace: https://maps.googleapis.com/maps/api/directions/json (responseCode: 200, responseTime: 74,017ms)
2022-03-04 16:02:13.408 26224-30705/com.example.natour21 I/FirebasePerformance: Logging network request trace: https://maps.googleapis.com/maps/api/directions/json (responseCode: 200, responseTime: 86,466ms)
2022-03-04 16:02:13.579 26224-30705/com.example.natour21 I/FirebasePerformance: Logging network request trace: https://maps.googleapis.com/maps/api/directions/json (responseCode: 200, responseTime: 159,41ms)
2022-03-04 16:02:14.592 26224-30705/com.example.natour21 I/FirebasePerformance: Logging network request trace: https://maps.googleapis.com/maps/api/directions/json (responseCode: 200, responseTime: 71,622ms)
2022-03-04 16:02:14.690 26224-30705/com.example.natour21 I/FirebasePerformance: Logging network request trace: http://ec2-3-12-83-96.us-east-2.compute.amazonaws.com:8080/api/difficulty/id (responseCode: 200, responseTime: 276,216ms)
2022-03-04 16:02:14.708 26224-30705/com.example.natour21 I/FirebasePerformance: Logging network request trace: http://ec2-3-12-83-96.us-east-2.compute.amazonaws.com:8080/api/reports/id (responseCode: 200, responseTime: 276,25ms)
2022-03-04 16:02:14.723 26224-30705/com.example.natour21 I/FirebasePerformance: Logging network request trace: http://ec2-3-12-83-96.us-east-2.compute.amazonaws.com:8080/api/duration/id (responseCode: 200, responseTime: 282,237ms)
2022-03-04 16:02:14.736 26224-30705/com.example.natour21 I/FirebasePerformance: Logging network request trace: http://ec2-3-12-83-96.us-east-2.compute.amazonaws.com:8080/api/reviews/id (responseCode: 200, responseTime: 289,238ms)
2022-03-04 16:02:15.055 26224-30705/com.example.natour21 I/FirebasePerformance: Logging network request trace: http://ec2-3-12-83-96.us-east-2.compute.amazonaws.com:8080/api/duration/id (responseCode: 200, responseTime: 352,294ms)
2022-03-04 16:02:15.069 26224-30705/com.example.natour21 I/FirebasePerformance: Logging network request trace: http://ec2-3-12-83-96.us-east-2.compute.amazonaws.com:8080/api/difficulty/id (responseCode: 200, responseTime: 352,74ms)
2022-03-04 16:02:18.001 26224-30705/com.example.natour21 I/FirebasePerformance: Logging network request trace: http://ec2-3-12-83-96.us-east-2.compute.amazonaws.com:8080/api/posts (responseCode: 200, responseTime: 155,063ms)
2022-03-04 16:02:18.672 26224-30705/com.example.natour21 I/FirebasePerformance: Logging network request trace: https://maps.googleapis.com/maps/api/directions/json (responseCode: 200, responseTime: 313,461ms)
2022-03-04 16:02:18.913 26224-30705/com.example.natour21 I/FirebasePerformance: Logging network request trace: https://maps.googleapis.com/maps/api/directions/json (responseCode: 200, responseTime: 218,64ms)
2022-03-04 16:02:19.011 26224-30705/com.example.natour21 I/FirebasePerformance: Logging network request trace: https://maps.googleapis.com/maps/api/directions/json (responseCode: 200, responseTime: 79,914ms)
2022-03-04 16:02:25.726 26224-30705/com.example.natour21 I/FirebasePerformance: Logging network request trace: https://maps.googleapis.com/maps/api/directions/json (responseCode: 200, responseTime: 170,571ms)
2022-03-04 16:02:26.017 26224-30705/com.example.natour21 I/FirebasePerformance: Logging network request trace: https://maps.googleapis.com/maps/api/directions/json (responseCode: 200, responseTime: 260,794ms)
2022-03-04 16:02:26.099 26224-30705/com.example.natour21 I/FirebasePerformance: Logging network request trace: https://maps.googleapis.com/maps/api/directions/json (responseCode: 200, responseTime: 72,072ms)
2022-03-04 16:02:26.586 26224-30705/com.example.natour21 I/FirebasePerformance: Logging network request trace: http://ec2-3-12-83-96.us-east-2.compute.amazonaws.com:8080/api/posts (responseCode: 200, responseTime: 304,84ms)
2022-03-04 16:02:26.850 26224-30705/com.example.natour21 I/FirebasePerformance: Logging network request trace: https://maps.googleapis.com/maps/api/directions/json (responseCode: 200, responseTime: 76,185ms)
2022-03-04 16:02:26.962 26224-30705/com.example.natour21 I/FirebasePerformance: Logging network request trace: https://maps.googleapis.com/maps/api/directions/json (responseCode: 200, responseTime: 96,727ms)
2022-03-04 16:02:28.421 26224-30705/com.example.natour21 I/FirebasePerformance: Logging network request trace: http://ec2-3-12-83-96.us-east-2.compute.amazonaws.com:8080/api/reports/id (responseCode: 200, responseTime: 288,557ms)
2022-03-04 16:02:28.432 26224-30705/com.example.natour21 I/FirebasePerformance: Logging network request trace: https://maps.googleapis.com/maps/api/directions/json (responseCode: 200, responseTime: 235,169ms)
2022-03-04 16:02:28.571 26224-30705/com.example.natour21 I/FirebasePerformance: Logging network request trace: http://ec2-3-12-83-96.us-east-2.compute.amazonaws.com:8080/api/reviews/id (responseCode: 200, responseTime: 422,407ms)
2022-03-04 16:02:28.596 26224-30705/com.example.natour21 I/FirebasePerformance: Logging network request trace: http://ec2-3-12-83-96.us-east-2.compute.amazonaws.com:8080/api/duration/id (responseCode: 200, responseTime: 423,475ms)
2022-03-04 16:02:28.623 26224-30705/com.example.natour21 I/FirebasePerformance: Logging network request trace: http://ec2-3-12-83-96.us-east-2.compute.amazonaws.com:8080/api/difficulty/id (responseCode: 200, responseTime: 422,913ms)
2022-03-04 16:02:28.747 26224-30705/com.example.natour21 I/FirebasePerformance: Logging network request trace: http://ec2-3-12-83-96.us-east-2.compute.amazonaws.com:8080/api/duration/id (responseCode: 200, responseTime: 160,88ms)
2022-03-04 16:02:28.778 26224-30705/com.example.natour21 I/FirebasePerformance: Logging network request trace: http://ec2-3-12-83-96.us-east-2.compute.amazonaws.com:8080/api/difficulty/id (responseCode: 200, responseTime: 162,429ms)
2022-03-04 16:02:45.363 26224-31375/com.example.natour21 I/FirebasePerformance: Logging network request trace: http://ec2-3-12-83-96.us-east-2.compute.amazonaws.com:8080/api/report/insert (responseCode: 200, responseTime: 466,256ms)
2022-03-04 16:02:45.374 26224-31375/com.example.natour21 I/FirebasePerformance: Logging trace metric: insertReport (duration: 16065,185ms). In a minute, visit the Firebase console to view your data: https://console.firebase.google.com/project/natour-ceb0e/performance/app/android:com.example.natour21/metrics/trace/DURATION_TRACE/insertReport?utm_source=perf-android-sdk&utm_medium=android-ide
2022-03-04 16:02:45.778 26224-31375/com.example.natour21 I/FirebasePerformance: Logging network request trace: http://ec2-3-12-83-96.us-east-2.compute.amazonaws.com:8080/api/reports/id (responseCode: 200, responseTime: 136,635ms)
2022-03-04 16:02:45.795 26224-31375/com.example.natour21 I/FirebasePerformance: Logging network request trace: http://ec2-3-12-83-96.us-east-2.compute.amazonaws.com:8080/api/difficulty/id (responseCode: 200, responseTime: 137,831ms)
2022-03-04 16:02:45.998 26224-31375/com.example.natour21 I/FirebasePerformance: Logging network request trace: http://ec2-3-12-83-96.us-east-2.compute.amazonaws.com:8080/api/duration/id (responseCode: 200, responseTime: 346,182ms)
2022-03-04 16:02:46.119 26224-31375/com.example.natour21 I/FirebasePerformance: Logging network request trace: http://ec2-3-12-83-96.us-east-2.compute.amazonaws.com:8080/api/reviews/id (responseCode: 200, responseTime: 475,112ms)
2022-03-04 16:02:46.135 26224-31375/com.example.natour21 I/FirebasePerformance: Logging network request trace: http://ec2-3-12-83-96.us-east-2.compute.amazonaws.com:8080/api/difficulty/id (responseCode: 200, responseTime: 319,709ms)
2022-03-04 16:02:46.155 26224-31375/com.example.natour21 I/FirebasePerformance: Logging network request trace: http://ec2-3-12-83-96.us-east-2.compute.amazonaws.com:8080/api/duration/id (responseCode: 200, responseTime: 140,996ms)
2022-03-04 16:02:46.182 26224-31375/com.example.natour21 I/FirebasePerformance: Logging network request trace: https://maps.googleapis.com/maps/api/directions/json (responseCode: 200, responseTime: 413,531ms)
2022-03-04 16:03:09.482 26224-31488/com.example.natour21 I/FirebasePerformance: Logging network request trace: http://ec2-3-12-83-96.us-east-2.compute.amazonaws.com:8080/api/review/insert (responseCode: 200, responseTime: 173,031ms)
2022-03-04 16:03:09.501 26224-31488/com.example.natour21 I/FirebasePerformance: Logging trace metric: insertReview (duration: 21395,135ms). In a minute, visit the Firebase console to view your data: https://console.firebase.google.com/project/natour-ceb0e/performance/app/android:com.example.natour21/metrics/trace/DURATION_TRACE/insertReview?utm_source=perf-android-sdk&utm_medium=android-ide
2022-03-04 16:03:09.858 26224-31488/com.example.natour21 I/FirebasePerformance: Logging network request trace: http://ec2-3-12-83-96.us-east-2.compute.amazonaws.com:8080/api/reports/id (responseCode: 200, responseTime: 133,877ms)
2022-03-04 16:03:09.871 26224-31488/com.example.natour21 I/FirebasePerformance: Logging network request trace: http://ec2-3-12-83-96.us-east-2.compute.amazonaws.com:8080/api/reviews/id (responseCode: 200, responseTime: 134,359ms)
2022-03-04 16:03:09.945 26224-31488/com.example.natour21 I/FirebasePerformance: Logging network request trace: https://maps.googleapis.com/maps/api/directions/json (responseCode: 200, responseTime: 86,129ms)
2022-03-04 16:03:10.098 26224-31488/com.example.natour21 I/FirebasePerformance: Logging network request trace: http://ec2-3-12-83-96.us-east-2.compute.amazonaws.com:8080/api/difficulty/id (responseCode: 200, responseTime: 360,727ms)
2022-03-04 16:03:10.114 26224-31488/com.example.natour21 I/FirebasePerformance: Logging network request trace: http://ec2-3-12-83-96.us-east-2.compute.amazonaws.com:8080/api/duration/id (responseCode: 200, responseTime: 360,087ms)
2022-03-04 16:03:10.243 26224-31488/com.example.natour21 I/FirebasePerformance: Logging network request trace: http://ec2-3-12-83-96.us-east-2.compute.amazonaws.com:8080/api/duration/id (responseCode: 200, responseTime: 132,776ms)
2022-03-04 16:03:10.283 26224-31488/com.example.natour21 I/FirebasePerformance: Logging network request trace: http://ec2-3-12-83-96.us-east-2.compute.amazonaws.com:8080/api/difficulty/id (responseCode: 200, responseTime: 156,475ms)
2022-03-04 16:03:13.325 26224-31488/com.example.natour21 I/FirebasePerformance: Logging network request trace: http://ec2-3-12-83-96.us-east-2.compute.amazonaws.com:8080/api/posts (responseCode: 200, responseTime: 379,415ms)
2022-03-04 16:03:14.310 26224-31488/com.example.natour21 I/FirebasePerformance: Logging network request trace: https://maps.googleapis.com/maps/api/directions/json (responseCode: 200, responseTime: 661,977ms)
2022-03-04 16:03:14.418 26224-31488/com.example.natour21 I/FirebasePerformance: Logging network request trace: https://maps.googleapis.com/maps/api/directions/json (responseCode: 200, responseTime: 83,195ms)
2022-03-04 16:03:14.904 26224-31488/com.example.natour21 I/FirebasePerformance: Logging network request trace: http://ec2-3-12-83-96.us-east-2.compute.amazonaws.com:8080/api/chatrooms (responseCode: 200, responseTime: 136,253ms)
2022-03-04 16:03:16.785 26224-26224/com.example.natour21 D/FirebasePerformance: Setting metric '_fr_tot' to '18' on trace '_st_homePage'
2022-03-04 16:03:16.786 26224-26224/com.example.natour21 D/FirebasePerformance: Setting metric '_fr_slo' to '4' on trace '_st_homePage'
2022-03-04 16:03:16.786 26224-26224/com.example.natour21 D/FirebasePerformance: sendScreenTrace name:_st_homePage _fr_tot:18 _fr_slo:4 _fr_fzn:0
2022-03-04 16:03:16.796 26224-31488/com.example.natour21 I/FirebasePerformance: Logging trace metric: _st_homePage (duration: 123575,7ms). In a minute, visit the Firebase console to view your data: https://console.firebase.google.com/project/natour-ceb0e/performance/app/android:com.example.natour21/metrics/trace/SCREEN_TRACE/_st_homePage?utm_source=perf-android-sdk&utm_medium=android-ide
2022-03-04 16:03:23.178 26224-31488/com.example.natour21 I/FirebasePerformance: Logging network request trace: http://ec2-3-12-83-96.us-east-2.compute.amazonaws.com:8080/api/message/send (responseCode: 200, responseTime: 294,595ms)
2022-03-04 16:03:23.190 26224-31488/com.example.natour21 I/FirebasePerformance: Logging trace metric: send_new_message (duration: 6925,859ms). In a minute, visit the Firebase console to view your data: https://console.firebase.google.com/project/natour-ceb0e/performance/app/android:com.example.natour21/metrics/trace/DURATION_TRACE/send_new_message?utm_source=perf-android-sdk&utm_medium=android-ide
2022-03-04 16:03:23.368 26224-31488/com.example.natour21 I/FirebasePerformance: Logging network request trace: http://ec2-3-12-83-96.us-east-2.compute.amazonaws.com:8080/api/chatrooms (responseCode: 200, responseTime: 132,092ms)
2022-03-04 16:03:23.623 26224-26224/com.example.natour21 D/FirebasePerformance: Setting metric '_fr_tot' to '15' on trace '_st_SendMessage'
2022-03-04 16:03:23.624 26224-26224/com.example.natour21 D/FirebasePerformance: Setting metric '_fr_slo' to '6' on trace '_st_SendMessage'
2022-03-04 16:03:23.625 26224-26224/com.example.natour21 D/FirebasePerformance: sendScreenTrace name:_st_SendMessage _fr_tot:15 _fr_slo:6 _fr_fzn:0
2022-03-04 16:03:23.638 26224-31488/com.example.natour21 I/FirebasePerformance: Logging trace metric: _st_SendMessage (duration: 7372,557ms). In a minute, visit the Firebase console to view your data: https://console.firebase.google.com/project/natour-ceb0e/performance/app/android:com.example.natour21/metrics/trace/SCREEN_TRACE/_st_SendMessage?utm_source=perf-android-sdk&utm_medium=android-ide
2022-03-04 16:03:24.770 26224-31488/com.example.natour21 I/FirebasePerformance: Logging network request trace: http://ec2-3-12-83-96.us-east-2.compute.amazonaws.com:8080/api/message/chatroom (responseCode: 200, responseTime: 142,178ms)
2022-03-04 16:03:25.134 26224-26224/com.example.natour21 D/FirebasePerformance: Setting metric '_fr_tot' to '5' on trace '_st_homePage'
2022-03-04 16:03:25.134 26224-26224/com.example.natour21 D/FirebasePerformance: Setting metric '_fr_slo' to '2' on trace '_st_homePage'
2022-03-04 16:03:25.134 26224-26224/com.example.natour21 D/FirebasePerformance: sendScreenTrace name:_st_homePage _fr_tot:5 _fr_slo:2 _fr_fzn:0
2022-03-04 16:03:25.142 26224-31488/com.example.natour21 I/FirebasePerformance: Logging trace metric: _st_homePage (duration: 1924,832ms). In a minute, visit the Firebase console to view your data: https://console.firebase.google.com/project/natour-ceb0e/performance/app/android:com.example.natour21/metrics/trace/SCREEN_TRACE/_st_homePage?utm_source=perf-android-sdk&utm_medium=android-ide
2022-03-04 16:03:28.379 26224-31488/com.example.natour21 I/FirebasePerformance: Logging network request trace: http://ec2-3-12-83-96.us-east-2.compute.amazonaws.com:8080/api/message/send (responseCode: 200, responseTime: 236,7ms)
2022-03-04 16:03:29.947 26224-31488/com.example.natour21 I/FirebasePerformance: Logging network request trace: http://ec2-3-12-83-96.us-east-2.compute.amazonaws.com:8080/api/chatrooms (responseCode: 200, responseTime: 158,983ms)
2022-03-04 16:03:30.175 26224-26224/com.example.natour21 D/FirebasePerformance: Setting metric '_fr_tot' to '21' on trace '_st_SingleChat'
2022-03-04 16:03:30.176 26224-26224/com.example.natour21 D/FirebasePerformance: Setting metric '_fr_slo' to '17' on trace '_st_SingleChat'
2022-03-04 16:03:30.177 26224-26224/com.example.natour21 D/FirebasePerformance: sendScreenTrace name:_st_SingleChat _fr_tot:21 _fr_slo:17 _fr_fzn:0
2022-03-04 16:03:30.198 26224-31488/com.example.natour21 I/FirebasePerformance: Logging trace metric: _st_SingleChat (duration: 5557,482ms). In a minute, visit the Firebase console to view your data: https://console.firebase.google.com/project/natour-ceb0e/performance/app/android:com.example.natour21/metrics/trace/SCREEN_TRACE/_st_SingleChat?utm_source=perf-android-sdk&utm_medium=android-ide

