2022-03-04 17:04:45.060 20303-20303/com.example.natour21 I/FirebaseApp: Device unlocked: initializing all Firebase APIs for app [DEFAULT]
2022-03-04 17:04:45.079 20303-20303/com.example.natour21 I/FirebaseInitProvider: FirebaseApp initialization successful
2022-03-04 17:04:45.722 20303-20632/com.example.natour21 D/FirebasePerformance: Transport is not initialized yet, network request trace: https://graph.facebook.com/v13.0/app (responseCode: 200, responseTime: 345,062ms) will be queued for to be dispatched later
2022-03-04 17:04:45.724 20303-20632/com.example.natour21 D/FirebasePerformance: Transport is not initialized yet, network request trace: https://graph.facebook.com/v13.0/app/mobile_sdk_gk (responseCode: 200, responseTime: 339,011ms) will be queued for to be dispatched later
2022-03-04 17:04:45.726 20303-20632/com.example.natour21 D/FirebasePerformance: Transport is not initialized yet, network request trace: https://graph.facebook.com/v13.0/app (responseCode: 200, responseTime: 368,827ms) will be queued for to be dispatched later
2022-03-04 17:04:45.917 20303-20303/com.example.natour21 I/FirebasePerformance: Firebase Performance Monitoring is successfully initialized! In a minute, visit the Firebase console to view your data: https://console.firebase.google.com/project/natour-ceb0e/performance/app/android:com.example.natour21/trends?utm_source=perf-android-sdk&utm_medium=android-ide
2022-03-04 17:04:45.917 20303-20303/com.example.natour21 D/FirebasePerformance: onResume(): com.example.natour21.Activity.Login: 920057 microseconds
2022-03-04 17:04:45.963 20303-20632/com.example.natour21 I/FirebasePerformance: Logging trace metric: _as (duration: 920,057ms). In a minute, visit the Firebase console to view your data: https://console.firebase.google.com/project/natour-ceb0e/performance/app/android:com.example.natour21/metrics/trace/DURATION_TRACE/_as?utm_source=perf-android-sdk&utm_medium=android-ide
2022-03-04 17:04:46.032 20303-20632/com.example.natour21 I/FirebasePerformance: Logging network request trace: https://graph.facebook.com/v13.0/app (responseCode: 200, responseTime: 345,062ms)
2022-03-04 17:04:46.037 20303-20632/com.example.natour21 I/FirebasePerformance: Logging network request trace: https://graph.facebook.com/v13.0/app/mobile_sdk_gk (responseCode: 200, responseTime: 339,011ms)
2022-03-04 17:04:46.042 20303-20632/com.example.natour21 I/FirebasePerformance: Logging network request trace: https://graph.facebook.com/v13.0/app (responseCode: 200, responseTime: 368,827ms)
2022-03-04 17:04:46.046 20303-20632/com.example.natour21 I/FirebasePerformance: Logging network request trace: https://graph.facebook.com/v13.0/app/mobile_sdk_gk (responseCode: 200, responseTime: 238,317ms)
2022-03-04 17:05:00.535 20303-20758/com.example.natour21 I/FirebasePerformance: Logging network request trace: http://ec2-3-12-83-96.us-east-2.compute.amazonaws.com:8080/api/user/auth (responseCode: 200, responseTime: 148,397ms)
2022-03-04 17:05:00.808 20303-20758/com.example.natour21 I/FirebasePerformance: Logging network request trace: http://ec2-3-12-83-96.us-east-2.compute.amazonaws.com:8080/api/login (responseCode: 200, responseTime: 235,302ms)
2022-03-04 17:05:01.360 20303-20758/com.example.natour21 I/FirebasePerformance: Logging trace metric: login_natour21 (duration: 13844,968ms). In a minute, visit the Firebase console to view your data: https://console.firebase.google.com/project/natour-ceb0e/performance/app/android:com.example.natour21/metrics/trace/DURATION_TRACE/login_natour21?utm_source=perf-android-sdk&utm_medium=android-ide
2022-03-04 17:05:01.770 20303-20758/com.example.natour21 I/FirebasePerformance: Logging network request trace: http://ec2-3-12-83-96.us-east-2.compute.amazonaws.com:8080/api/posts (responseCode: 200, responseTime: 166,38ms)
2022-03-04 17:05:02.427 20303-20303/com.example.natour21 D/FirebasePerformance: Setting metric '_fr_tot' to '59' on trace '_st_Login'
2022-03-04 17:05:02.427 20303-20303/com.example.natour21 D/FirebasePerformance: Setting metric '_fr_slo' to '30' on trace '_st_Login'
2022-03-04 17:05:02.427 20303-20303/com.example.natour21 D/FirebasePerformance: sendScreenTrace name:_st_Login _fr_tot:59 _fr_slo:30 _fr_fzn:0
2022-03-04 17:05:02.440 20303-20758/com.example.natour21 I/FirebasePerformance: Logging trace metric: _st_Login (duration: 16544,118ms). In a minute, visit the Firebase console to view your data: https://console.firebase.google.com/project/natour-ceb0e/performance/app/android:com.example.natour21/metrics/trace/SCREEN_TRACE/_st_Login?utm_source=perf-android-sdk&utm_medium=android-ide
2022-03-04 17:05:02.779 20303-20758/com.example.natour21 I/FirebasePerformance: Logging network request trace: https://maps.googleapis.com/maps/api/directions/json (responseCode: 200, responseTime: 298,507ms)
2022-03-04 17:05:02.929 20303-20758/com.example.natour21 I/FirebasePerformance: Logging network request trace: https://maps.googleapis.com/maps/api/directions/json (responseCode: 200, responseTime: 139,028ms)
2022-03-04 17:05:03.177 20303-20758/com.example.natour21 I/FirebasePerformance: Logging network request trace: http://ec2-3-12-83-96.us-east-2.compute.amazonaws.com:8080/api/duration/id (responseCode: 200, responseTime: 140,195ms)
2022-03-04 17:05:03.306 20303-20758/com.example.natour21 I/FirebasePerformance: Logging network request trace: http://ec2-3-12-83-96.us-east-2.compute.amazonaws.com:8080/api/reviews/id (responseCode: 200, responseTime: 266,712ms)
2022-03-04 17:05:03.319 20303-20758/com.example.natour21 I/FirebasePerformance: Logging network request trace: http://ec2-3-12-83-96.us-east-2.compute.amazonaws.com:8080/api/duration/id (responseCode: 200, responseTime: 133,926ms)
2022-03-04 17:05:03.323 20303-20758/com.example.natour21 I/FirebasePerformance: Logging network request trace: http://ec2-3-12-83-96.us-east-2.compute.amazonaws.com:8080/api/difficulty/id (responseCode: 200, responseTime: 279,438ms)
2022-03-04 17:05:03.327 20303-20758/com.example.natour21 I/FirebasePerformance: Logging network request trace: http://ec2-3-12-83-96.us-east-2.compute.amazonaws.com:8080/api/reports/id (responseCode: 200, responseTime: 271,319ms)
2022-03-04 17:05:03.432 20303-20758/com.example.natour21 I/FirebasePerformance: Logging network request trace: https://maps.googleapis.com/maps/api/directions/json (responseCode: 200, responseTime: 132,699ms)
2022-03-04 17:05:03.476 20303-20758/com.example.natour21 I/FirebasePerformance: Logging network request trace: http://ec2-3-12-83-96.us-east-2.compute.amazonaws.com:8080/api/difficulty/id (responseCode: 200, responseTime: 141,899ms)
2022-03-04 17:05:05.592 20303-20758/com.example.natour21 I/FirebasePerformance: Logging network request trace: http://ec2-3-12-83-96.us-east-2.compute.amazonaws.com:8080/api/posts (responseCode: 200, responseTime: 152,791ms)
2022-03-04 17:05:05.979 20303-20758/com.example.natour21 I/FirebasePerformance: Logging network request trace: https://maps.googleapis.com/maps/api/directions/json (responseCode: 200, responseTime: 88,452ms)
2022-03-04 17:05:06.097 20303-20758/com.example.natour21 I/FirebasePerformance: Logging network request trace: https://maps.googleapis.com/maps/api/directions/json (responseCode: 200, responseTime: 92,948ms)
2022-03-04 17:05:09.708 20303-20758/com.example.natour21 I/FirebasePerformance: Logging network request trace: http://ec2-3-12-83-96.us-east-2.compute.amazonaws.com:8080/api/difficulty/id (responseCode: 200, responseTime: 140,258ms)
2022-03-04 17:05:09.744 20303-20758/com.example.natour21 I/FirebasePerformance: Logging network request trace: https://maps.googleapis.com/maps/api/directions/json (responseCode: 200, responseTime: 101,112ms)
2022-03-04 17:05:09.837 20303-20758/com.example.natour21 I/FirebasePerformance: Logging network request trace: http://ec2-3-12-83-96.us-east-2.compute.amazonaws.com:8080/api/reviews/id (responseCode: 200, responseTime: 272,332ms)
2022-03-04 17:05:09.843 20303-20758/com.example.natour21 I/FirebasePerformance: Logging network request trace: http://ec2-3-12-83-96.us-east-2.compute.amazonaws.com:8080/api/duration/id (responseCode: 200, responseTime: 269,104ms)
2022-03-04 17:05:09.855 20303-20758/com.example.natour21 I/FirebasePerformance: Logging network request trace: http://ec2-3-12-83-96.us-east-2.compute.amazonaws.com:8080/api/difficulty/id (responseCode: 200, responseTime: 133,922ms)
2022-03-04 17:05:09.865 20303-20758/com.example.natour21 I/FirebasePerformance: Logging network request trace: http://ec2-3-12-83-96.us-east-2.compute.amazonaws.com:8080/api/reports/id (responseCode: 200, responseTime: 268ms)
2022-03-04 17:05:09.973 20303-20758/com.example.natour21 I/FirebasePerformance: Logging network request trace: http://ec2-3-12-83-96.us-east-2.compute.amazonaws.com:8080/api/duration/id (responseCode: 200, responseTime: 130,576ms)
2022-03-04 17:05:22.050 20303-20964/com.example.natour21 I/FirebasePerformance: Logging network request trace: http://ec2-3-12-83-96.us-east-2.compute.amazonaws.com:8080/api/report/insert (responseCode: 200, responseTime: 471,408ms)
2022-03-04 17:05:22.055 20303-20964/com.example.natour21 I/FirebasePerformance: Logging trace metric: insertReport (duration: 10205,463ms). In a minute, visit the Firebase console to view your data: https://console.firebase.google.com/project/natour-ceb0e/performance/app/android:com.example.natour21/metrics/trace/DURATION_TRACE/insertReport?utm_source=perf-android-sdk&utm_medium=android-ide
2022-03-04 17:05:22.567 20303-20964/com.example.natour21 I/FirebasePerformance: Logging network request trace: http://ec2-3-12-83-96.us-east-2.compute.amazonaws.com:8080/api/difficulty/id (responseCode: 200, responseTime: 140,485ms)
2022-03-04 17:05:22.589 20303-20964/com.example.natour21 I/FirebasePerformance: Logging network request trace: http://ec2-3-12-83-96.us-east-2.compute.amazonaws.com:8080/api/duration/id (responseCode: 200, responseTime: 145,313ms)
2022-03-04 17:05:22.604 20303-20964/com.example.natour21 I/FirebasePerformance: Logging network request trace: http://ec2-3-12-83-96.us-east-2.compute.amazonaws.com:8080/api/reviews/id (responseCode: 200, responseTime: 146,684ms)
2022-03-04 17:05:22.618 20303-20964/com.example.natour21 I/FirebasePerformance: Logging network request trace: http://ec2-3-12-83-96.us-east-2.compute.amazonaws.com:8080/api/reports/id (responseCode: 200, responseTime: 169,064ms)
2022-03-04 17:05:22.752 20303-20964/com.example.natour21 I/FirebasePerformance: Logging network request trace: http://ec2-3-12-83-96.us-east-2.compute.amazonaws.com:8080/api/duration/id (responseCode: 200, responseTime: 136,2ms)
2022-03-04 17:05:22.761 20303-20964/com.example.natour21 I/FirebasePerformance: Logging network request trace: http://ec2-3-12-83-96.us-east-2.compute.amazonaws.com:8080/api/difficulty/id (responseCode: 200, responseTime: 145,057ms)
2022-03-04 17:05:22.844 20303-20964/com.example.natour21 I/FirebasePerformance: Logging network request trace: https://maps.googleapis.com/maps/api/directions/json (responseCode: 200, responseTime: 277,934ms)
2022-03-04 17:05:42.207 20303-21059/com.example.natour21 I/FirebasePerformance: Logging network request trace: http://ec2-3-12-83-96.us-east-2.compute.amazonaws.com:8080/api/review/insert (responseCode: 200, responseTime: 146,001ms)
2022-03-04 17:05:42.218 20303-21059/com.example.natour21 I/FirebasePerformance: Logging trace metric: insertReview (duration: 12007,613ms). In a minute, visit the Firebase console to view your data: https://console.firebase.google.com/project/natour-ceb0e/performance/app/android:com.example.natour21/metrics/trace/DURATION_TRACE/insertReview?utm_source=perf-android-sdk&utm_medium=android-ide
2022-03-04 17:05:42.639 20303-21059/com.example.natour21 I/FirebasePerformance: Logging network request trace: http://ec2-3-12-83-96.us-east-2.compute.amazonaws.com:8080/api/reviews/id (responseCode: 200, responseTime: 132,886ms)
2022-03-04 17:05:42.650 20303-21059/com.example.natour21 I/FirebasePerformance: Logging network request trace: http://ec2-3-12-83-96.us-east-2.compute.amazonaws.com:8080/api/difficulty/id (responseCode: 200, responseTime: 130,309ms)
2022-03-04 17:05:42.724 20303-21059/com.example.natour21 I/FirebasePerformance: Logging network request trace: https://maps.googleapis.com/maps/api/directions/json (responseCode: 200, responseTime: 106,659ms)
2022-03-04 17:05:42.776 20303-21059/com.example.natour21 I/FirebasePerformance: Logging network request trace: http://ec2-3-12-83-96.us-east-2.compute.amazonaws.com:8080/api/duration/id (responseCode: 200, responseTime: 265,182ms)
2022-03-04 17:05:42.795 20303-21059/com.example.natour21 I/FirebasePerformance: Logging network request trace: http://ec2-3-12-83-96.us-east-2.compute.amazonaws.com:8080/api/difficulty/id (responseCode: 200, responseTime: 139,808ms)
2022-03-04 17:05:42.805 20303-21059/com.example.natour21 I/FirebasePerformance: Logging network request trace: http://ec2-3-12-83-96.us-east-2.compute.amazonaws.com:8080/api/reports/id (responseCode: 200, responseTime: 272,623ms)
2022-03-04 17:05:42.919 20303-21059/com.example.natour21 I/FirebasePerformance: Logging network request trace: http://ec2-3-12-83-96.us-east-2.compute.amazonaws.com:8080/api/duration/id (responseCode: 200, responseTime: 133,19ms)
2022-03-04 17:05:44.748 20303-21059/com.example.natour21 I/FirebasePerformance: Logging network request trace: http://ec2-3-12-83-96.us-east-2.compute.amazonaws.com:8080/api/posts (responseCode: 200, responseTime: 238,434ms)
2022-03-04 17:05:45.201 20303-21059/com.example.natour21 I/FirebasePerformance: Logging network request trace: https://maps.googleapis.com/maps/api/directions/json (responseCode: 200, responseTime: 194,885ms)
2022-03-04 17:05:45.385 20303-21059/com.example.natour21 I/FirebasePerformance: Logging network request trace: https://maps.googleapis.com/maps/api/directions/json (responseCode: 200, responseTime: 152,306ms)
2022-03-04 17:06:08.752 20303-21227/com.example.natour21 I/FirebasePerformance: Logging network request trace: https://maps.googleapis.com/maps/api/place/autocomplete/json (responseCode: 200, responseTime: 97,029ms)
2022-03-04 17:06:09.084 20303-21227/com.example.natour21 I/FirebasePerformance: Logging network request trace: https://maps.googleapis.com/maps/api/place/autocomplete/json (responseCode: 200, responseTime: 93,637ms)
2022-03-04 17:06:09.462 20303-21227/com.example.natour21 I/FirebasePerformance: Logging network request trace: https://maps.googleapis.com/maps/api/place/autocomplete/json (responseCode: 200, responseTime: 93,594ms)
2022-03-04 17:06:09.616 20303-21227/com.example.natour21 I/FirebasePerformance: Logging network request trace: https://maps.googleapis.com/maps/api/place/autocomplete/json (responseCode: 200, responseTime: 80,716ms)
2022-03-04 17:06:10.864 20303-21227/com.example.natour21 I/FirebasePerformance: Logging network request trace: https://maps.googleapis.com/maps/api/place/autocomplete/json (responseCode: 200, responseTime: 116,034ms)
2022-03-04 17:06:11.203 20303-21227/com.example.natour21 I/FirebasePerformance: Logging network request trace: https://maps.googleapis.com/maps/api/place/autocomplete/json (responseCode: 200, responseTime: 92,65ms)
2022-03-04 17:06:11.397 20303-21227/com.example.natour21 I/FirebasePerformance: Logging network request trace: https://maps.googleapis.com/maps/api/place/autocomplete/json (responseCode: 200, responseTime: 92,6ms)
2022-03-04 17:06:12.773 20303-21227/com.example.natour21 I/FirebasePerformance: Logging network request trace: https://maps.googleapis.com/maps/api/place/details/json (responseCode: 200, responseTime: 117,7ms)
2022-03-04 17:06:12.923 20303-20303/com.example.natour21 D/FirebasePerformance: Setting metric '_fr_tot' to '198' on trace '_st_AutocompleteActivity'
2022-03-04 17:06:12.923 20303-20303/com.example.natour21 D/FirebasePerformance: Setting metric '_fr_slo' to '88' on trace '_st_AutocompleteActivity'
2022-03-04 17:06:12.923 20303-20303/com.example.natour21 D/FirebasePerformance: sendScreenTrace name:_st_AutocompleteActivity _fr_tot:198 _fr_slo:88 _fr_fzn:0
2022-03-04 17:06:12.930 20303-21227/com.example.natour21 I/FirebasePerformance: Logging trace metric: _st_AutocompleteActivity (duration: 5583,148ms). In a minute, visit the Firebase console to view your data: https://console.firebase.google.com/project/natour-ceb0e/performance/app/android:com.example.natour21/metrics/trace/SCREEN_TRACE/_st_AutocompleteActivity?utm_source=perf-android-sdk&utm_medium=android-ide
2022-03-04 17:06:22.268 20303-21227/com.example.natour21 I/FirebasePerformance: Logging network request trace: https://maps.googleapis.com/maps/api/directions/json (responseCode: 200, responseTime: 137,587ms)
2022-03-04 17:06:27.790 20303-21227/com.example.natour21 I/FirebasePerformance: Logging network request trace: http://ec2-3-12-83-96.us-east-2.compute.amazonaws.com:8080/api/post/insert (responseCode: 200, responseTime: 169,622ms)
2022-03-04 17:06:27.796 20303-21227/com.example.natour21 I/FirebasePerformance: Logging trace metric: insertPost (duration: 42256,008ms). In a minute, visit the Firebase console to view your data: https://console.firebase.google.com/project/natour-ceb0e/performance/app/android:com.example.natour21/metrics/trace/DURATION_TRACE/insertPost?utm_source=perf-android-sdk&utm_medium=android-ide
2022-03-04 17:06:28.226 20303-21227/com.example.natour21 I/FirebasePerformance: Logging network request trace: http://ec2-3-12-83-96.us-east-2.compute.amazonaws.com:8080/api/posts (responseCode: 200, responseTime: 164,19ms)
2022-03-04 17:06:29.021 20303-21227/com.example.natour21 I/FirebasePerformance: Logging network request trace: https://maps.googleapis.com/maps/api/directions/json (responseCode: 200, responseTime: 427,979ms)
2022-03-04 17:06:29.162 20303-21227/com.example.natour21 I/FirebasePerformance: Logging network request trace: https://maps.googleapis.com/maps/api/directions/json (responseCode: 200, responseTime: 106,899ms)
2022-03-04 17:06:36.535 20303-20303/com.example.natour21 D/FirebasePerformance: Setting metric '_fr_tot' to '19' on trace '_st_homePage'
2022-03-04 17:06:36.535 20303-20303/com.example.natour21 D/FirebasePerformance: Setting metric '_fr_slo' to '5' on trace '_st_homePage'
2022-03-04 17:06:36.535 20303-20303/com.example.natour21 D/FirebasePerformance: sendScreenTrace name:_st_homePage _fr_tot:19 _fr_slo:5 _fr_fzn:0
2022-03-04 17:06:36.539 20303-21227/com.example.natour21 I/FirebasePerformance: Logging trace metric: _st_homePage (duration: 95102,11ms). In a minute, visit the Firebase console to view your data: https://console.firebase.google.com/project/natour-ceb0e/performance/app/android:com.example.natour21/metrics/trace/SCREEN_TRACE/_st_homePage?utm_source=perf-android-sdk&utm_medium=android-ide
2022-03-04 17:12:49.319 20303-21778/com.example.natour21 I/FirebasePerformance: Logging network request trace: https://maps.googleapis.com/maps/api/directions/json (responseCode: 200, responseTime: 764.983ms)
2022-03-04 17:12:49.483 20303-21778/com.example.natour21 I/FirebasePerformance: Logging network request trace: https://maps.googleapis.com/maps/api/directions/json (responseCode: 200, responseTime: 93.453ms)
2022-03-04 17:12:49.508 20303-21778/com.example.natour21 I/FirebasePerformance: Logging network request trace: http://ec2-3-12-83-96.us-east-2.compute.amazonaws.com:8080/api/chatrooms (responseCode: 200, responseTime: 136.441ms)
2022-03-04 17:13:23.181 20303-21853/com.example.natour21 I/FirebasePerformance: Logging network request trace: http://ec2-3-12-83-96.us-east-2.compute.amazonaws.com:8080/api/message/send (responseCode: 200, responseTime: 590.919ms)
2022-03-04 17:13:23.199 20303-21853/com.example.natour21 I/FirebasePerformance: Logging trace metric: send_new_message (duration: 14599.21ms). In a minute, visit the Firebase console to view your data: https://console.firebase.google.com/project/natour-ceb0e/performance/app/android:com.example.natour21/metrics/trace/DURATION_TRACE/send_new_message?utm_source=perf-android-sdk&utm_medium=android-ide
2022-03-04 17:13:23.600 20303-21853/com.example.natour21 I/FirebasePerformance: Logging network request trace: http://ec2-3-12-83-96.us-east-2.compute.amazonaws.com:8080/api/chatrooms (responseCode: 200, responseTime: 134.681ms)
2022-03-04 17:13:24.199 20303-20303/com.example.natour21 D/FirebasePerformance: Setting metric '_fr_tot' to '6' on trace '_st_SendMessage'
2022-03-04 17:13:24.199 20303-20303/com.example.natour21 D/FirebasePerformance: Setting metric '_fr_slo' to '6' on trace '_st_SendMessage'
2022-03-04 17:13:24.199 20303-20303/com.example.natour21 D/FirebasePerformance: sendScreenTrace name:_st_SendMessage _fr_tot:6 _fr_slo:6 _fr_fzn:0
2022-03-04 17:13:24.213 20303-21853/com.example.natour21 I/FirebasePerformance: Logging trace metric: _st_SendMessage (duration: 15645.228ms). In a minute, visit the Firebase console to view your data: https://console.firebase.google.com/project/natour-ceb0e/performance/app/android:com.example.natour21/metrics/trace/SCREEN_TRACE/_st_SendMessage?utm_source=perf-android-sdk&utm_medium=android-ide
